LAYER1
                                                    
                                                    
                                                    
                                                    
                                                    
                                                    
                                                    
                                                    
                                                    
                                                    
                                                    
                                                    
                                                    
                                                    
                                                    
                                                    
                                                    
                                                    
                                                    
                                                    
                    # # # # # # # # # # # # #       
LAYER2
            ________________________________________
            |                 ,,,                  |
            |\               ' \ '                /|
            | \             '-----'   [05]       / |
            |  \           ____ ____   __       /  |
            |   \         |    |    | [  ]     /   |
            |    \        |    |    | [__]    /    |
            |     \_______|____|____|________/     |
            |     |                          |     |
            |     |            >             |     |
            |     |                          |     |
            |     |                          |     |
            |     |                          |     |
            |     |                          |     |
            |     |                          |     |
            |     |                          |     |
             \    |                          |    / 
              \   |                          |   /  
               \  |                          |  /   
                \ |                          | /    
                 \|__________________________|/     
LAYER3
,,,,,,,,,,,,grey,grey,grey,grey,grey,grey,grey,grey,grey,grey,grey,grey,grey,grey,grey,grey,grey,grey,grey,grey,grey,grey,grey,grey,grey,grey,grey,grey,grey,grey,grey,grey,grey,grey,grey,grey,grey,grey,grey,grey,
,,,,,,,,,,,,grey,,,,,,,,,,,,,,,,,,grey,grey,grey,,,,,,,,,,,,,,,,,,,grey,
,,,,,,,,,,,,grey,grey,,,,,,,,,,,,,,,,grey,,grey,,grey,,,,,,,,,,,,,,,,,grey,grey,
,,,,,,,,,,,,grey,,grey,,,,,,,,,,,,,,grey,grey,grey,grey,grey,grey,grey,,,,grey,grey,grey,grey,,,,,,,,grey,,grey,
,,,,,,,,,,,,grey,,,grey,,,,,,,,,,,,grey,grey,grey,grey,,grey,grey,grey,grey,,,,grey,grey,,,,,,,,grey,,,grey,
,,,,,,,,,,,,grey,,,,grey,,,,,,,,,,grey,,,,,grey,,,,,grey,,grey,,,grey,,,,,,grey,,,,grey,
,,,,,,,,,,,,grey,,,,,grey,,,,,,,,,grey,,,,,grey,,,,,grey,,grey,grey,grey,grey,,,,,grey,,,,,grey,
,,,,,,,,,,,,grey,,,,,,grey,grey,grey,grey,grey,grey,grey,grey,grey,grey,grey,grey,grey,grey,grey,grey,grey,grey,grey,grey,grey,grey,grey,grey,grey,grey,grey,grey,,,,,,grey,
,,,,,,,,,,,,grey,,,,,,grey,grey/white,grey/red,grey/white,grey/red,grey/white,grey/red,grey/white,grey/red,grey/white,grey/red,grey/white,grey/red,grey/white,grey/red,grey/white,grey/red,grey/white,grey/red,grey/white,grey/red,grey/white,grey/red,grey/white,grey/red,grey/white,grey/red,grey,,,,,,grey,
,,,,,,,,,,,,grey,,,,,,grey,grey/red,grey/white,grey/red,grey/white,grey/red,grey/white,grey/red,grey/white,grey/red,grey/white,grey/red,grey/white,Aqua/red,grey/white,grey/red,grey/white,grey/red,grey/white,grey/red,grey/white,grey/red,grey/white,grey/red,grey/white,grey/red,grey/white,grey,,,,,,grey,
,,,,,,,,,,,,grey,,,,,,grey,grey/white,grey/red,grey/white,grey/red,grey/white,grey/red,grey/white,grey/red,grey/white,grey/red,grey/white,grey/red,grey/white,grey/red,grey/white,grey/red,grey/white,grey/red,grey/white,grey/red,grey/white,grey/red,grey/white,grey/red,grey/white,grey/red,grey,,,,,,grey,
,,,,,,,,,,,,grey,,,,,,grey,grey/red,grey/white,grey/red,grey/white,grey/red,grey/white,grey/red,grey/white,grey/red,grey/white,grey/red,grey/white,grey/red,grey/white,grey/red,grey/white,grey/red,grey/white,grey/red,grey/white,grey/red,grey/white,grey/red,grey/white,grey/red,grey/white,grey,,,,,,grey,
,,,,,,,,,,,,grey,,,,,,grey,grey/white,grey/red,grey/white,grey/red,grey/white,grey/red,grey/white,grey/red,grey/white,grey/red,grey/white,grey/red,grey/white,grey/red,grey/white,grey/red,grey/white,grey/red,grey/white,grey/red,grey/white,grey/red,grey/white,grey/red,grey/white,grey/red,grey,,,,,,grey,
,,,,,,,,,,,,grey,,,,,,grey,grey/red,grey/white,grey/red,grey/white,grey/red,grey/white,grey/red,grey/white,grey/red,grey/white,grey/red,grey/white,grey/red,grey/white,grey/red,grey/white,grey/red,grey/white,grey/red,grey/white,grey/red,grey/white,grey/red,grey/white,grey/red,grey/white,grey,,,,,,grey,
,,,,,,,,,,,,grey,,,,,,grey,grey/white,grey/red,grey/white,grey/red,grey/white,grey/red,grey/white,grey/red,grey/white,grey/red,grey/white,grey/red,grey/white,grey/red,grey/white,grey/red,grey/white,grey/red,grey/white,grey/red,grey/white,grey/red,grey/white,grey/red,grey/white,grey/red,grey,,,,,,grey,
,,,,,,,,,,,,grey,,,,,,grey,grey/red,grey/white,grey/red,grey/white,grey/red,grey/white,grey/red,grey/white,grey/red,grey/white,grey/red,grey/white,grey/red,grey/white,grey/red,grey/white,grey/red,grey/white,grey/red,grey/white,grey/red,grey/white,grey/red,grey/white,grey/red,grey/white,grey,,,,,,grey,
,,,,,,,,,,,,,grey,,,,,grey,grey/white,grey/red,grey/white,grey/red,grey/white,grey/red,grey/white,grey/red,grey/white,grey/red,grey/white,grey/red,grey/white,grey/red,grey/white,grey/red,grey/white,grey/red,grey/white,grey/red,grey/white,grey/red,grey/white,grey/red,grey/white,grey/red,grey,,,,,grey,,
,,,,,,,,,,,,,,grey,,,,grey,grey/red,grey/white,grey/red,grey/white,grey/red,grey/white,grey/red,grey/white,grey/red,grey/white,grey/red,grey/white,grey/red,grey/white,grey/red,grey/white,grey/red,grey/white,grey/red,grey/white,grey/red,grey/white,grey/red,grey/white,grey/red,grey/white,grey,,,,grey,,,
,,,,,,,,,,,,,,,grey,,,grey,grey/white,grey/red,grey/white,grey/red,grey/white,grey/red,grey/white,grey/red,grey/white,grey/red,grey/white,grey/red,grey/white,grey/red,grey/white,grey/red,grey/white,grey/red,grey/white,grey/red,grey/white,grey/red,grey/white,grey/red,grey/white,grey/red,grey,,,grey,,,,
,,,,,,,,,,,,,,,,grey,,grey,grey/red,grey/white,grey/red,grey/white,grey/red,grey/white,grey/red,grey/white,grey/red,grey/white,grey/red,grey/white,grey/red,grey/white,grey/red,grey/white,grey/red,grey/white,grey/red,grey/white,grey/red,grey/white,grey/red,grey/white,grey/red,grey/white,grey,,grey,,,,,
,,,,,,,,,,,,,,,,,grey,grey,red/white,grey/red,red/white,grey/red,red/white,grey/red,red/white,grey/red,red/white,grey/red,red/white,grey/red,red/white,grey/red,red/white,grey/red,red/white,grey/red,red/white,grey/red,red/white,grey/red,red/white,grey/red,red/white,grey/red,grey,grey,,,,,,
LAYER4
$VAR1 = {
  spawnpt => {
    main => [ [8, 26], [8, 27], [8, 28], [8, 29], [8, 30], [8, 31], [8, 32], [8, 33], 
              [8, 34], [8, 35], [8, 36], [9, 26], [9, 27], [9, 28], [9, 29], [9, 30], 
              [9, 31], [9, 32], [9, 33], [9, 34], [9, 35], [9, 36]
            ]
  },
  _Data => {
    nostairs => 1,
    superlight => 1,
    Depth => 'Hotel_Elevator',
    empty => 1,
    Effects => {},
    Toys => [
    ],
    MkStairs => [
      [9, 31, "Hotel_Atrium", "elevator"]
    ]
  }
};
