LAYER1
                                                                                                                        ##############                             
                                                                                                                     ####............####                          
                                                                                                                   ###..................###                        
                                                                                                                 ###......................###                      
                                                                                                                ##..........................##                     
                                                                                                              ###......######+########.......###                   
                                                                                                             ##.....####             #+##......##                  
                                                                                                            ##....###                   ###.....##                 
                                                                                                           ##....##                       ##.....##                
                                                                                                          ##...###                         ###....##               
                                                                                                         ##...##                             +#....##              
                                                                                                         #...##                               ##....#              
                                                                                                        ##..##                                 ##...##             
                                                                                                       ##...#                                   +....##            
                                                                                                       +...##                                   ##....#            
                                                                                                      ##..##                                     ##...##           
                                                                                                      #...#                                       +....#           
                                                                                                     ##..##                                       ##...##          
                                                                                                     #...#                                         #....#          
                                                                                                     #...+                                         +....#          
                                                                                                    ##..##                                         ##...##         
                                                                                                    #...#                                           #....#         
                                                                                                    #...+                                           #....+         
                                                                                                    #...#                                           #....#         
                                                                                                    #...#                                           +....#         
   ##+#######+#######+#######+#######+#######+#######+#######+#######+#######+#######+#######+#######...#                                           #....#         
   #....................................................................................................#                                           #....+         
   #..................................................................................................<.#                                           #....#         
   #....................................................................................................#                                           +....#         
   #......................####+########+########+########+########+########+########+########+#######...#                                           #....#         
   #........###..........##                                                                         #...#                                           #....#         
   #.......## ##........##                                                                          #...#                                           #....+         
   #......##   ##......##                                                                           #...+                                           #....#         
   #......#     #......#                                                                            #...#                                           +....#         
   #......#     #......#                                                                            ##..##                                          #...##         
   #......#     #......#                                                                             #...#                                          #...#          
   #......#     #......#                                                                             #...#                                          #...#          
   #......#     #......#                         ######+#######                                      ##..##                                        ##..##          
   #......#     ###+####                      ####............####                                    #...#                                        #...+           
   #......#                                 ###..................###                                  ##..##                                      ##..##           
   ####+###                               ###......................###                                 #...##                                    ##...#            
                                         ##..........................##                                ##...#                                    +...##            
                                       ###......#######+#######.......###                               ##..##                                  ##..##             
                                      ##.....####             ####......##                               #...##                                ##...#              
                                     ##....###                   ###.....##                              ##...##                              ##...##              
                                    ##....##                       ##.....##                              ##...###                          #+#...##               
                                   ##...###                         ###....##                              ##....##                        ##....##                
                                  ##...##                             ##....##                              ##....###                    ###....##                 
                                  #...##                               ##....#                               ##.....####              ####.....##                  
                                 ##..##                                 ##...##                               ###......###+######+#####......###                   
                                ##...#                                   #....##                                ##..........................##                     
                                #...##                                   ##....#                                 ###......................###                      
                               ##..##                                     ##...##                                  ###..................###                        
                               #...#                                       #....#                                    ####............####                          
                              ##..##                                       ##...##                                      ##############                             
                              #...#                                         #....#                                                                                 
                              #...#                                         #....#                                                                                 
                             ##..##                                         ##...##                                                                                
                             #...#                                           #....#                                                                                
                             #...#                                           #....#                                                                                
                             +...+                                           +....+                                                                                
                             #...#                                           #....#                                                                                
                             #...#                                           #....#                                                                                
                             ......................................................                                                                                
                             ......................................................                                                                                
                             ......................................................                                                                                
                             ......................................................                                                                                
                             ......................................................                                                                                
                             ........................     .........................                                                                                
                             .......................       ........................                                                                                
                             ......................         .......................                                                                                
                             ......................         .......................                                                                                
                             ......................         .......................                                                                                
                             ......................         .......................                                                                                
                             .......................       ........................                                                                                
                             ......................................................                                                                                
                             ......................................................                                                                                
                             ......................................................                                                                                
                             ......................................................                                                                                
                             ......................................................                                                                                
                             ......................................................                                                                                
                             ......................................................                                                                                
                                                                                                                                                                   
                                                                                                                                                                   
LAYER2
                                                                                                                                                                   
                                                                                                                         ............                              
                                                                                                                      ..................                           
                                                                                                                    ......................                         
                                                                                                                  ..........................                       
                                                                                                                 ......      +        .......                      
                                                                                                               .....                  +  ......                    
                                                                                                              ....                         .....                   
                                                                                                             ....                           .....                  
                                                                                                            ...                               ....                 
                                                                                                           ...                               + ....                
                                                                                                          ...                                   ....               
                                                                                                          ..                                     ...               
                                                                                                         ...                                    +....              
                                                                                                       +...                                       ....             
                                                                                                        ..                                         ...             
                                                                                                       ...                                        +....            
                                                                                                       ..                                           ...            
                                                                                                      ...                                           ....           
                                                                                                      ...+                                         +....           
                                                                                                      ..                                             ...           
                                                                                                     ...                                             ....          
                                                                                                     ...+                                            ....+         
                                                                                                     ...                                             ....          
                                                                                                     ...                                            +....          
   ##+#######+#######+#######+#######+#######+#######+#######+#######+#######+#######+#######+#######...                                             ....          
   #....................................................................................................                                             ....+         
   #..................................................................................................<.                                             ....          
   #....................................................................................................                                            +....          
   #......................####+########+########+########+########+########+########+########+#######...                                             ....          
   #........###..........##                                                                          ...                                             ....          
   #.......## ##........##                                                                           ...                                             ....+         
   #......##   ##......##                                                                            ...+                                            ....          
   #......#     #......#                                                                             ...                                            +....          
   #......#     #......#                                                                              ..                                             ...           
   #......#     #......#                                                                              ...                                            ...           
   #......#     #......#                                                                              ...                                            ...           
   #......#     #......#                               +                                               ..                                            ..            
   #......#     ###+####                                                                               ...                                          ...+           
   #......#                                                                                             ..                                          ..             
   ####+###                                                                                             ...                                        ...             
                                                                                                         ...                                     +...              
                                                       +                                                  ..                                      ..               
                                                                                                          ...                                    ...               
                                                                                                           ...                                  ...                
                                                                                                            ...                              + ...                 
                                                                                                             ....                            ....                  
                                                                                                              ....                          ....                   
                                                                                                               .....                      .....                    
                                                                                                                 ......   +      +     ......                      
                                                                                                                  ..........................                       
                                                                                                                    ......................                         
                                                                                                                      ..................                           
                                                                                                                         ............                              
                                                                                                                                                                   
                                                                                                                                                                   
                                                                                                                                                                   
                                                                                                                                                                   
                                                                                                                                                                   
                                                                                                                                                                   
                             +   +                                           +    +                                                                                
                                                                                                                                                                   
                                  ___________________________________________                                                                                      
                            |                                                      |                                                                               
                            |                                                      |                                                                               
                            |                                                      |                                                                               
                            |                                                      |                                                                               
                            |                                                      |                                                                               
                            |                        _____                         |                                                                               
                            |                       /     \                        |                                                                               
                            |                      |       |                       |                                                                               
                            |                      |       |                       |                                                                               
                            |                      |       |                       |                                                                               
                            |                      |       |                       |                                                                               
                            |                       \_____/                        |                                                                               
                            |                                                      |                                                                               
                            |                                                      |                                                                               
                            |                                                      |                                                                               
                            |                                                      |                                                                               
                            |                                                      |                                                                               
                            |                                                      |                                                                               
                            |                                                      |                                                                               
                            |______________________________________________________|                                                                               
                                                                                                                                                                   
LAYER3
,,,,,,,,,,,,,,,,,,,,,,,,,,,,,,,,,,,,,,,,,,,,,,,,,,,,,,,,,,,,,,,,,,,,,,,,,,,,,,,,,,,,,,,,,,,,,,,,,,,,,,,,,,,,,,,,,,,,,,,,,,,,,,,,,,,,,,,,,,,,,,,,,,,,,,,,,,,,,,,,,,,
,,,,,,,,,,,,,,,,,,,,,,,,,,,,,,,,,,,,,,,,,,,,,,,,,,,,,,,,,,,,,,,,,,,,,,,,,,,,,,,,,,,,,,,,,,,,,,,,,,,,,,,,,,,,,,,,,,,,,,,,,orange,orange,orange,orange,orange,orange,orange,orange,orange,orange,orange,orange,,,,,,,,,,,,,,,,,,,,,,,,,,,,,,,
,,,,,,,,,,,,,,,,,,,,,,,,,,,,,,,,,,,,,,,,,,,,,,,,,,,,,,,,,,,,,,,,,,,,,,,,,,,,,,,,,,,,,,,,,,,,,,,,,,,,,,,,,,,,,,,,,,,,,,orange,orange,orange,orange,orange,orange,orange,orange,orange,orange,orange,orange,orange,orange,orange,orange,orange,orange,,,,,,,,,,,,,,,,,,,,,,,,,,,,
,,,,,,,,,,,,,,,,,,,,,,,,,,,,,,,,,,,,,,,,,,,,,,,,,,,,,,,,,,,,,,,,,,,,,,,,,,,,,,,,,,,,,,,,,,,,,,,,,,,,,,,,,,,,,,,,,,,,orange,orange,orange,orange,orange,orange,orange,orange,orange,orange,orange,orange,orange,orange,orange,orange,orange,orange,orange,orange,orange,orange,,,,,,,,,,,,,,,,,,,,,,,,,,
,,,,,,,,,,,,,,,,,,,,,,,,,,,,,,,,,,,,,,,,,,,,,,,,,,,,,,,,,,,,,,,,,,,,,,,,,,,,,,,,,,,,,,,,,,,,,,,,,,,,,,,,,,,,,,,,,,orange,orange,orange,orange,orange,orange,orange,orange,orange,orange,orange,orange,orange,orange,orange,orange,orange,orange,orange,orange,orange,orange,orange,orange,orange,orange,,,,,,,,,,,,,,,,,,,,,,,,
,,,,,,,,,,,,,,,,,,,,,,,,,,,,,,,,,,,,,,,,,,,,,,,,,,,,,,,,,,,,,,,,,,,,,,,,,,,,,,,,,,,,,,,,,,,,,,,,,,,,,,,,,,,,,,,,,orange,orange,orange,orange,orange,orange,,,,,,,yellow,,,,,,,,,orange,orange,orange,orange,orange,orange,orange,,,,,,,,,,,,,,,,,,,,,,,
,,,,,,,,,,,,,,,,,,,,,,,,,,,,,,,,,,,,,,,,,,,,,,,,,,,,,,,,,,,,,,,,,,,,,,,,,,,,,,,,,,,,,,,,,,,,,,,,,,,,,,,,,,,,,,,orange,orange,orange,orange,orange,,,,,,,,,,,,,,,,,,,yellow,,,orange,orange,orange,orange,orange,orange,,,,,,,,,,,,,,,,,,,,,
,,,,,,,,,,,,,,,,,,,,,,,,,,,,,,,,,,,,,,,,,,,,,,,,,,,,,,,,,,,,,,,,,,,,,,,,,,,,,,,,,,,,,,,,,,,,,,,,,,,,,,,,,,,,,,orange,orange,orange,orange,,,,,,,,,,,,,,,,,,,,,,,,,,orange,orange,orange,orange,orange,,,,,,,,,,,,,,,,,,,,
,,,,,,,,,,,,,,,,,,,,,,,,,,,,,,,,,,,,,,,,,,,,,,,,,,,,,,,,,,,,,,,,,,,,,,,,,,,,,,,,,,,,,,,,,,,,,,,,,,,,,,,,,,,,,orange,orange,orange,orange,,,,,,,,,,,,,,,,,,,,,,,,,,,,orange,orange,orange,orange,orange,,,,,,,,,,,,,,,,,,,
,,,,,,,,,,,,,,,,,,,,,,,,,,,,,,,,,,,,,,,,,,,,,,,,,,,,,,,,,,,,,,,,,,,,,,,,,,,,,,,,,,,,,,,,,,,,,,,,,,,,,,,,,,,,orange,orange,orange,,,,,,,,,,,,,,,,,,,,,,,,,,,,,,,,orange,orange,orange,orange,,,,,,,,,,,,,,,,,,
,,,,,,,,,,,,,,,,,,,,,,,,,,,,,,,,,,,,,,,,,,,,,,,,,,,,,,,,,,,,,,,,,,,,,,,,,,,,,,,,,,,,,,,,,,,,,,,,,,,,,,,,,,,orange,orange,orange,,,,,,,,,,,,,,,,,,,,,,,,,,,,,,,,yellow,,orange,orange,orange,orange,,,,,,,,,,,,,,,,,
,,,,,,,,,,,,,,,,,,,,,,,,,,,,,,,,,,,,,,,,,,,,,,,,,,,,,,,,,,,,,,,,,,,,,,,,,,,,,,,,,,,,,,,,,,,,,,,,,,,,,,,,,,orange,orange,orange,,,,,,,,,,,,,,,,,,,,,,,,,,,,,,,,,,,,orange,orange,orange,orange,,,,,,,,,,,,,,,,
,,,,,,,,,,,,,,,,,,,,,,,,,,,,,,,,,,,,,,,,,,,,,,,,,,,,,,,,,,,,,,,,,,,,,,,,,,,,,,,,,,,,,,,,,,,,,,,,,,,,,,,,,,orange,orange,,,,,,,,,,,,,,,,,,,,,,,,,,,,,,,,,,,,,,orange,orange,orange,,,,,,,,,,,,,,,,
,,,,,,,,,,,,,,,,,,,,,,,,,,,,,,,,,,,,,,,,,,,,,,,,,,,,,,,,,,,,,,,,,,,,,,,,,,,,,,,,,,,,,,,,,,,,,,,,,,,,,,,,,orange,orange,orange,,,,,,,,,,,,,,,,,,,,,,,,,,,,,,,,,,,,,yellow,orange,orange,orange,orange,,,,,,,,,,,,,,,
,,,,,,,,,,,,,,,,,,,,,,,,,,,,,,,,,,,,,,,,,,,,,,,,,,,,,,,,,,,,,,,,,,,,,,,,,,,,,,,,,,,,,,,,,,,,,,,,,,,,,,,yellow,orange,orange,orange,,,,,,,,,,,,,,,,,,,,,,,,,,,,,,,,,,,,,,,,orange,orange,orange,orange,,,,,,,,,,,,,,
,,,,,,,,,,,,,,,,,,,,,,,,,,,,,,,,,,,,,,,,,,,,,,,,,,,,,,,,,,,,,,,,,,,,,,,,,,,,,,,,,,,,,,,,,,,,,,,,,,,,,,,,orange,orange,,,,,,,,,,,,,,,,,,,,,,,,,,,,,,,,,,,,,,,,,,orange,orange,orange,,,,,,,,,,,,,,
,,,,,,,,,,,,,,,,,,,,,,,,,,,,,,,,,,,,,,,,,,,,,,,,,,,,,,,,,,,,,,,,,,,,,,,,,,,,,,,,,,,,,,,,,,,,,,,,,,,,,,,orange,orange,orange,,,,,,,,,,,,,,,,,,,,,,,,,,,,,,,,,,,,,,,,,yellow,orange,orange,orange,orange,,,,,,,,,,,,,
,,,,,,,,,,,,,,,,,,,,,,,,,,,,,,,,,,,,,,,,,,,,,,,,,,,,,,,,,,,,,,,,,,,,,,,,,,,,,,,,,,,,,,,,,,,,,,,,,,,,,,,orange,orange,,,,,,,,,,,,,,,,,,,,,,,,,,,,,,,,,,,,,,,,,,,,orange,orange,orange,,,,,,,,,,,,,
,,,,,,,,,,,,,,,,,,,,,,,,,,,,,,,,,,,,,,,,,,,,,,,,,,,,,,,,,,,,,,,,,,,,,,,,,,,,,,,,,,,,,,,,,,,,,,,,,,,,,,orange,orange,orange,,,,,,,,,,,,,,,,,,,,,,,,,,,,,,,,,,,,,,,,,,,,orange,orange,orange,orange,,,,,,,,,,,,
,,,,,,,,,,,,,,,,,,,,,,,,,,,,,,,,,,,,,,,,,,,,,,,,,,,,,,,,,,,,,,,,,,,,,,,,,,,,,,,,,,,,,,,,,,,,,,,,,,,,,,orange,orange,orange,yellow,,,,,,,,,,,,,,,,,,,,,,,,,,,,,,,,,,,,,,,,,,yellow,orange,orange,orange,orange,,,,,,,,,,,,
,,,,,,,,,,,,,,,,,,,,,,,,,,,,,,,,,,,,,,,,,,,,,,,,,,,,,,,,,,,,,,,,,,,,,,,,,,,,,,,,,,,,,,,,,,,,,,,,,,,,,,orange,orange,,,,,,,,,,,,,,,,,,,,,,,,,,,,,,,,,,,,,,,,,,,,,,orange,orange,orange,,,,,,,,,,,,
,,,,,,,,,,,,,,,,,,,,,,,,,,,,,,,,,,,,,,,,,,,,,,,,,,,,,,,,,,,,,,,,,,,,,,,,,,,,,,,,,,,,,,,,,,,,,,,,,,,,,orange,orange,orange,,,,,,,,,,,,,,,,,,,,,,,,,,,,,,,,,,,,,,,,,,,,,,orange,orange,orange,orange,,,,,,,,,,,
,,,,,,,,,,,,,,,,,,,,,,,,,,,,,,,,,,,,,,,,,,,,,,,,,,,,,,,,,,,,,,,,,,,,,,,,,,,,,,,,,,,,,,,,,,,,,,,,,,,,,orange,orange,orange,yellow,,,,,,,,,,,,,,,,,,,,,,,,,,,,,,,,,,,,,,,,,,,,,orange,orange,orange,orange,yellow,,,,,,,,,,
,,,,,,,,,,,,,,,,,,,,,,,,,,,,,,,,,,,,,,,,,,,,,,,,,,,,,,,,,,,,,,,,,,,,,,,,,,,,,,,,,,,,,,,,,,,,,,,,,,,,,orange,orange,orange,,,,,,,,,,,,,,,,,,,,,,,,,,,,,,,,,,,,,,,,,,,,,,orange,orange,orange,orange,,,,,,,,,,,
,,,,,,,,,,,,,,,,,,,,,,,,,,,,,,,,,,,,,,,,,,,,,,,,,,,,,,,,,,,,,,,,,,,,,,,,,,,,,,,,,,,,,,,,,,,,,,,,,,,,,orange,orange,orange,,,,,,,,,,,,,,,,,,,,,,,,,,,,,,,,,,,,,,,,,,,,,yellow,orange,orange,orange,orange,,,,,,,,,,,
,,,yellow,yellow,orange,yellow,yellow,yellow,yellow,yellow,yellow,yellow,orange,yellow,yellow,yellow,yellow,yellow,yellow,yellow,orange,yellow,yellow,yellow,yellow,yellow,yellow,yellow,orange,yellow,yellow,yellow,yellow,yellow,yellow,yellow,orange,yellow,yellow,yellow,yellow,yellow,yellow,yellow,orange,yellow,yellow,yellow,yellow,yellow,yellow,yellow,orange,yellow,yellow,yellow,yellow,yellow,yellow,yellow,orange,yellow,yellow,yellow,yellow,yellow,yellow,yellow,orange,yellow,yellow,yellow,yellow,yellow,yellow,yellow,orange,yellow,yellow,yellow,yellow,yellow,yellow,yellow,orange,yellow,yellow,yellow,yellow,yellow,yellow,yellow,orange,yellow,yellow,yellow,yellow,yellow,yellow,yellow,orange,orange,orange,,,,,,,,,,,,,,,,,,,,,,,,,,,,,,,,,,,,,,,,,,,,,,orange,orange,orange,orange,,,,,,,,,,,
,,,yellow,orange,orange,orange,orange,orange,orange,orange,orange,orange,orange,orange,orange,orange,orange,orange,orange,orange,orange,orange,orange,orange,orange,orange,orange,orange,orange,orange,orange,orange,orange,orange,orange,orange,orange,orange,orange,orange,orange,orange,orange,orange,orange,orange,orange,orange,orange,orange,orange,orange,orange,orange,orange,orange,orange,orange,orange,orange,orange,orange,orange,orange,orange,orange,orange,orange,orange,orange,orange,orange,orange,orange,orange,orange,orange,orange,orange,orange,orange,orange,orange,orange,orange,orange,orange,orange,orange,orange,orange,orange,orange,orange,orange,orange,orange,orange,orange,orange,orange,orange,orange,,,,,,,,,,,,,,,,,,,,,,,,,,,,,,,,,,,,,,,,,,,,,,orange,orange,orange,orange,yellow,,,,,,,,,,
,,,yellow,orange,orange,orange,orange,orange,orange,orange,orange,orange,orange,orange,orange,orange,orange,orange,orange,orange,orange,orange,orange,orange,orange,orange,orange,orange,orange,orange,orange,orange,orange,orange,orange,orange,orange,orange,orange,orange,orange,orange,orange,orange,orange,orange,orange,orange,orange,orange,orange,orange,orange,orange,orange,orange,orange,orange,orange,orange,orange,orange,orange,orange,orange,orange,orange,orange,orange,orange,orange,orange,orange,orange,orange,orange,orange,orange,orange,orange,orange,orange,orange,orange,orange,orange,orange,orange,orange,orange,orange,orange,orange,orange,orange,orange,orange,orange,orange,orange,orange,yellow,orange,,,,,,,,,,,,,,,,,,,,,,,,,,,,,,,,,,,,,,,,,,,,,,orange,orange,orange,orange,,,,,,,,,,,
,,,yellow,orange,orange,orange,orange,orange,orange,orange,orange,orange,orange,orange,orange,orange,orange,orange,orange,orange,orange,orange,orange,orange,orange,orange,orange,orange,orange,orange,orange,orange,orange,orange,orange,orange,orange,orange,orange,orange,orange,orange,orange,orange,orange,orange,orange,orange,orange,orange,orange,orange,orange,orange,orange,orange,orange,orange,orange,orange,orange,orange,orange,orange,orange,orange,orange,orange,orange,orange,orange,orange,orange,orange,orange,orange,orange,orange,orange,orange,orange,orange,orange,orange,orange,orange,orange,orange,orange,orange,orange,orange,orange,orange,orange,orange,orange,orange,orange,orange,orange,orange,orange,,,,,,,,,,,,,,,,,,,,,,,,,,,,,,,,,,,,,,,,,,,,,yellow,orange,orange,orange,orange,,,,,,,,,,,
,,,yellow,orange,orange,orange,orange,orange,orange,orange,orange,orange,orange,orange,orange,orange,orange,orange,orange,orange,orange,orange,orange,orange,orange,yellow,yellow,yellow,yellow,orange,yellow,yellow,yellow,yellow,yellow,yellow,yellow,yellow,orange,yellow,yellow,yellow,yellow,yellow,yellow,yellow,yellow,orange,yellow,yellow,yellow,yellow,yellow,yellow,yellow,yellow,orange,yellow,yellow,yellow,yellow,yellow,yellow,yellow,yellow,orange,yellow,yellow,yellow,yellow,yellow,yellow,yellow,yellow,orange,yellow,yellow,yellow,yellow,yellow,yellow,yellow,yellow,orange,yellow,yellow,yellow,yellow,yellow,yellow,yellow,yellow,orange,yellow,yellow,yellow,yellow,yellow,yellow,yellow,orange,orange,orange,,,,,,,,,,,,,,,,,,,,,,,,,,,,,,,,,,,,,,,,,,,,,,orange,orange,orange,orange,,,,,,,,,,,
,,,yellow,orange,orange,orange,orange,orange,orange,orange,orange,yellow,yellow,yellow,orange,orange,orange,orange,orange,orange,orange,orange,orange,orange,yellow,yellow,,,,,,,,,,,,,,,,,,,,,,,,,,,,,,,,,,,,,,,,,,,,,,,,,,,,,,,,,,,,,,,,,,,,,,,,,,,orange,orange,orange,,,,,,,,,,,,,,,,,,,,,,,,,,,,,,,,,,,,,,,,,,,,,,orange,orange,orange,orange,,,,,,,,,,,
,,,yellow,orange,orange,orange,orange,orange,orange,orange,yellow,yellow,,yellow,yellow,orange,orange,orange,orange,orange,orange,orange,orange,yellow,yellow,,,,,,,,,,,,,,,,,,,,,,,,,,,,,,,,,,,,,,,,,,,,,,,,,,,,,,,,,,,,,,,,,,,,,,,,,,,,orange,orange,orange,,,,,,,,,,,,,,,,,,,,,,,,,,,,,,,,,,,,,,,,,,,,,,orange,orange,orange,orange,yellow,,,,,,,,,,
,,,yellow,orange,orange,orange,orange,orange,orange,yellow,yellow,,,,yellow,yellow,orange,orange,orange,orange,orange,orange,yellow,yellow,,,,,,,,,,,,,,,,,,,,,,,,,,,,,,,,,,,,,,,,,,,,,,,,,,,,,,,,,,,,,,,,,,,,,,,,,,,,,orange,orange,orange,yellow,,,,,,,,,,,,,,,,,,,,,,,,,,,,,,,,,,,,,,,,,,,,,orange,orange,orange,orange,,,,,,,,,,,
,,,yellow,orange,orange,orange,orange,orange,orange,yellow,,,,,,yellow,orange,orange,orange,orange,orange,orange,yellow,,,,,,,,,,,,,,,,,,,,,,,,,,,,,,,,,,,,,,,,,,,,,,,,,,,,,,,,,,,,,,,,,,,,,,,,,,,,,,orange,orange,orange,,,,,,,,,,,,,,,,,,,,,,,,,,,,,,,,,,,,,,,,,,,,,yellow,orange,orange,orange,orange,,,,,,,,,,,
,,,yellow,orange,orange,orange,orange,orange,orange,yellow,,,,,,yellow,orange,orange,orange,orange,orange,orange,yellow,,,,,,,,,,,,,,,,,,,,,,,,,,,,,,,,,,,,,,,,,,,,,,,,,,,,,,,,,,,,,,,,,,,,,,,,,,,,,,,orange,orange,,,,,,,,,,,,,,,,,,,,,,,,,,,,,,,,,,,,,,,,,,,,,,orange,orange,orange,,,,,,,,,,,,
,,,yellow,orange,orange,orange,orange,orange,orange,yellow,,,,,,yellow,orange,orange,orange,orange,orange,orange,yellow,,,,,,,,,,,,,,,,,,,,,,,,,,,,,,,,,,,,,,,,,,,,,,,,,,,,,,,,,,,,,,,,,,,,,,,,,,,,,,,orange,orange,orange,,,,,,,,,,,,,,,,,,,,,,,,,,,,,,,,,,,,,,,,,,,,,orange,orange,orange,,,,,,,,,,,,
,,,yellow,orange,orange,orange,orange,orange,orange,yellow,,,,,,yellow,orange,orange,orange,orange,orange,orange,yellow,,,,,,,,,,,,,,,,,,,,,,,,,,,,,,,,,,,,,,,,,,,,,,,,,,,,,,,,,,,,,,,,,,,,,,,,,,,,,,,orange,orange,orange,,,,,,,,,,,,,,,,,,,,,,,,,,,,,,,,,,,,,,,,,,,,,orange,orange,orange,,,,,,,,,,,,
,,,yellow,orange,orange,orange,orange,orange,orange,yellow,,,,,,yellow,orange,orange,orange,orange,orange,orange,yellow,,,,,,,,,,,,,,,,,,,,,,,,,,,,,,,,orange,,,,,,,,,,,,,,,,,,,,,,,,,,,,,,,,,,,,,,,,,,,,,,,,orange,orange,,,,,,,,,,,,,,,,,,,,,,,,,,,,,,,,,,,,,,,,,,,,,orange,orange,,,,,,,,,,,,,
,,,yellow,orange,orange,orange,orange,orange,orange,yellow,,,,,,yellow,yellow,yellow,orange,yellow,yellow,yellow,yellow,,,,,,,,,,,,,,,,,,,,,,,,,,,,,,,,,,,,,,,,,,,,,,,,,,,,,,,,,,,,,,,,,,,,,,,,,,,,,,,,orange,orange,orange,,,,,,,,,,,,,,,,,,,,,,,,,,,,,,,,,,,,,,,,,,,orange,orange,orange,yellow,,,,,,,,,,,,
,,,yellow,orange,orange,orange,orange,orange,orange,yellow,,,,,,,,,,,,,,,,,,,,,,,,,,,,,,,,,,,,,,,,,,,,,,,,,,,,,,,,,,,,,,,,,,,,,,,,,,,,,,,,,,,,,,,,,,,,,,orange,orange,,,,,,,,,,,,,,,,,,,,,,,,,,,,,,,,,,,,,,,,,,,orange,orange,,,,,,,,,,,,,,
,,,yellow,yellow,yellow,yellow,orange,yellow,yellow,yellow,,,,,,,,,,,,,,,,,,,,,,,,,,,,,,,,,,,,,,,,,,,,,,,,,,,,,,,,,,,,,,,,,,,,,,,,,,,,,,,,,,,,,,,,,,,,,,orange,orange,orange,,,,,,,,,,,,,,,,,,,,,,,,,,,,,,,,,,,,,,,,,orange,orange,orange,,,,,,,,,,,,,,
,,,,,,,,,,,,,,,,,,,,,,,,,,,,,,,,,,,,,,,,,,,,,,,,,,,,,,,,,,,,,,,,,,,,,,,,,,,,,,,,,,,,,,,,,,,,,,,,,,,,,,,,,orange,orange,orange,,,,,,,,,,,,,,,,,,,,,,,,,,,,,,,,,,,,,,yellow,orange,orange,orange,,,,,,,,,,,,,,,
,,,,,,,,,,,,,,,,,,,,,,,,,,,,,,,,,,,,,,,,,,,,,,,,,,,,,,,orange,,,,,,,,,,,,,,,,,,,,,,,,,,,,,,,,,,,,,,,,,,,,,,,,,,,orange,orange,,,,,,,,,,,,,,,,,,,,,,,,,,,,,,,,,,,,,,,orange,orange,,,,,,,,,,,,,,,,
,,,,,,,,,,,,,,,,,,,,,,,,,,,,,,,,,,,,,,,,,,,,,,,,,,,,,,,,,,,,,,,,,,,,,,,,,,,,,,,,,,,,,,,,,,,,,,,,,,,,,,,,,,orange,orange,orange,,,,,,,,,,,,,,,,,,,,,,,,,,,,,,,,,,,,,orange,orange,orange,,,,,,,,,,,,,,,,
,,,,,,,,,,,,,,,,,,,,,,,,,,,,,,,,,,,,,,,,,,,,,,,,,,,,,,,,,,,,,,,,,,,,,,,,,,,,,,,,,,,,,,,,,,,,,,,,,,,,,,,,,,,orange,orange,orange,,,,,,,,,,,,,,,,,,,,,,,,,,,,,,,,,,,orange,orange,orange,,,,,,,,,,,,,,,,,
,,,,,,,,,,,,,,,,,,,,,,,,,,,,,,,,,,,,,,,,,,,,,,,,,,,,,,,,,,,,,,,,,,,,,,,,,,,,,,,,,,,,,,,,,,,,,,,,,,,,,,,,,,,,orange,orange,orange,,,,,,,,,,,,,,,,,,,,,,,,,,,,,,,yellow,,orange,orange,orange,,,,,,,,,,,,,,,,,,
,,,,,,,,,,,,,,,,,,,,,,,,,,,,,,,,,,,,,,,,,,,,,,,,,,,,,,,,,,,,,,,,,,,,,,,,,,,,,,,,,,,,,,,,,,,,,,,,,,,,,,,,,,,,,orange,orange,orange,orange,,,,,,,,,,,,,,,,,,,,,,,,,,,,,orange,orange,orange,orange,,,,,,,,,,,,,,,,,,,
,,,,,,,,,,,,,,,,,,,,,,,,,,,,,,,,,,,,,,,,,,,,,,,,,,,,,,,,,,,,,,,,,,,,,,,,,,,,,,,,,,,,,,,,,,,,,,,,,,,,,,,,,,,,,,orange,orange,orange,orange,,,,,,,,,,,,,,,,,,,,,,,,,,,orange,orange,orange,orange,,,,,,,,,,,,,,,,,,,,
,,,,,,,,,,,,,,,,,,,,,,,,,,,,,,,,,,,,,,,,,,,,,,,,,,,,,,,,,,,,,,,,,,,,,,,,,,,,,,,,,,,,,,,,,,,,,,,,,,,,,,,,,,,,,,,orange,orange,orange,orange,orange,,,,,,,,,,,,,,,,,,,,,,,orange,orange,orange,orange,orange,,,,,,,,,,,,,,,,,,,,,
,,,,,,,,,,,,,,,,,,,,,,,,,,,,,,,,,,,,,,,,,,,,,,,,,,,,,,,,,,,,,,,,,,,,,,,,,,,,,,,,,,,,,,,,,,,,,,,,,,,,,,,,,,,,,,,,,orange,orange,orange,orange,orange,orange,,,,yellow,,,,,,,yellow,,,,,,orange,orange,orange,orange,orange,orange,,,,,,,,,,,,,,,,,,,,,,,
,,,,,,,,,,,,,,,,,,,,,,,,,,,,,,,,,,,,,,,,,,,,,,,,,,,,,,,,,,,,,,,,,,,,,,,,,,,,,,,,,,,,,,,,,,,,,,,,,,,,,,,,,,,,,,,,,,orange,orange,orange,orange,orange,orange,orange,orange,orange,orange,orange,orange,orange,orange,orange,orange,orange,orange,orange,orange,orange,orange,orange,orange,orange,orange,,,,,,,,,,,,,,,,,,,,,,,,
,,,,,,,,,,,,,,,,,,,,,,,,,,,,,,,,,,,,,,,,,,,,,,,,,,,,,,,,,,,,,,,,,,,,,,,,,,,,,,,,,,,,,,,,,,,,,,,,,,,,,,,,,,,,,,,,,,,,orange,orange,orange,orange,orange,orange,orange,orange,orange,orange,orange,orange,orange,orange,orange,orange,orange,orange,orange,orange,orange,orange,,,,,,,,,,,,,,,,,,,,,,,,,,
,,,,,,,,,,,,,,,,,,,,,,,,,,,,,,,,,,,,,,,,,,,,,,,,,,,,,,,,,,,,,,,,,,,,,,,,,,,,,,,,,,,,,,,,,,,,,,,,,,,,,,,,,,,,,,,,,,,,,,orange,orange,orange,orange,orange,orange,orange,orange,orange,orange,orange,orange,orange,orange,orange,orange,orange,orange,,,,,,,,,,,,,,,,,,,,,,,,,,,,
,,,,,,,,,,,,,,,,,,,,,,,,,,,,,,,,,,,,,,,,,,,,,,,,,,,,,,,,,,,,,,,,,,,,,,,,,,,,,,,,,,,,,,,,,,,,,,,,,,,,,,,,,,,,,,,,,,,,,,,,,orange,orange,orange,orange,orange,orange,orange,orange,orange,orange,orange,orange,,,,,,,,,,,,,,,,,,,,,,,,,,,,,,,
,,,,,,,,,,,,,,,,,,,,,,,,,,,,,,,,,,,,,,,,,,,,,,,,,,,,,,,,,,,,,,,,,,,,,,,,,,,,,,,,,,,,,,,,,,,,,,,,,,,,,,,,,,,,,,,,,,,,,,,,,,,,,,,,,,,,,,,,,,,,,,,,,,,,,,,,,,,,,,,,,,,
,,,,,,,,,,,,,,,,,,,,,,,,,,,,,,,,,,,,,,,,,,,,,,,,,,,,,,,,,,,,,,,,,,,,,,,,,,,,,,,,,,,,,,,,,,,,,,,,,,,,,,,,,,,,,,,,,,,,,,,,,,,,,,,,,,,,,,,,,,,,,,,,,,,,,,,,,,,,,,,,,,,
,,,,,,,,,,,,,,,,,,,,,,,,,,,,,,,,,,,,,,,,,,,,,,,,,,,,,,,,,,,,,,,,,,,,,,,,,,,,,,,,,,,,,,,,,,,,,,,,,,,,,,,,,,,,,,,,,,,,,,,,,,,,,,,,,,,,,,,,,,,,,,,,,,,,,,,,,,,,,,,,,,,
,,,,,,,,,,,,,,,,,,,,,,,,,,,,,,,,,,,,,,,,,,,,,,,,,,,,,,,,,,,,,,,,,,,,,,,,,,,,,,,,,,,,,,,,,,,,,,,,,,,,,,,,,,,,,,,,,,,,,,,,,,,,,,,,,,,,,,,,,,,,,,,,,,,,,,,,,,,,,,,,,,,
,,,,,,,,,,,,,,,,,,,,,,,,,,,,,,,,,,,,,,,,,,,,,,,,,,,,,,,,,,,,,,,,,,,,,,,,,,,,,,,,,,,,,,,,,,,,,,,,,,,,,,,,,,,,,,,,,,,,,,,,,,,,,,,,,,,,,,,,,,,,,,,,,,,,,,,,,,,,,,,,,,,
,,,,,,,,,,,,,,,,,,,,,,,,,,,,,,,,,,,,,,,,,,,,,,,,,,,,,,,,,,,,,,,,,,,,,,,,,,,,,,,,,,,,,,,,,,,,,,,,,,,,,,,,,,,,,,,,,,,,,,,,,,,,,,,,,,,,,,,,,,,,,,,,,,,,,,,,,,,,,,,,,,,
,,,,,,,,,,,,,,,,,,,,,,,,,,,,,yellow,,,,yellow,,,,,,,,,,,,,,,,,,,,,,,,,,,,,,,,,,,,,,,,,,,,yellow,,,,,yellow,,,,,,,,,,,,,,,,,,,,,,,,,,,,,,,,,,,,,,,,,,,,,,,,,,,,,,,,,,,,,,,,,,,,,,,,,,,,,,,,,
,,,,,,,,,,,,,,,,,,,,,,,,,,,,,,,,,,,,,,,,,,,,,,,,,,,,,,,,,,,,,,,,,,,,,,,,,,,,,,,,,,,,,,,,,,,,,,,,,,,,,,,,,,,,,,,,,,,,,,,,,,,,,,,,,,,,,,,,,,,,,,,,,,,,,,,,,,,,,,,,,,,
,,,,,,,,,,,,,,,,,,,,,,,,,,,,,,,,,,grey,grey,grey,grey,grey,grey,grey,grey,grey,grey,grey,grey,grey,grey,grey,grey,grey,grey,grey,grey,grey,grey,grey,grey,grey,grey,grey,grey,grey,grey,grey,grey,grey,grey,grey,grey,grey,grey,grey,grey,grey,grey,grey,,,,,,,,,,,,,,,,,,,,,,,,,,,,,,,,,,,,,,,,,,,,,,,,,,,,,,,,,,,,,,,,,,,,,,,,,,,,,,,,,,,,,,,
,,,,,,,,,,,,,,,,,,,,,,,,,,,,grey,,,,,,,,,,,,,,,,,,,,,,,,,,,,,,,,,,,,,,,,,,,,,,,,,,,,,,,grey,,,,,,,,,,,,,,,,,,,,,,,,,,,,,,,,,,,,,,,,,,,,,,,,,,,,,,,,,,,,,,,,,,,,,,,,,,,,,,,,
,,,,,,,,,,,,,,,,,,,,,,,,,,,,grey,,,,,,,,,,,,,,,,,,,,,,,,,,,,,,,,,,,,,,,,,,,,,,,,,,,,,,,grey,,,,,,,,,,,,,,,,,,,,,,,,,,,,,,,,,,,,,,,,,,,,,,,,,,,,,,,,,,,,,,,,,,,,,,,,,,,,,,,,
,,,,,,,,,,,,,,,,,,,,,,,,,,,,grey,,,,,,,,,,,,,,,,,,,,,,,,,,,,,,,,,,,,,,,,,,,,,,,,,,,,,,,grey,,,,,,,,,,,,,,,,,,,,,,,,,,,,,,,,,,,,,,,,,,,,,,,,,,,,,,,,,,,,,,,,,,,,,,,,,,,,,,,,
,,,,,,,,,,,,,,,,,,,,,,,,,,,,grey,,,,,,,,,,,,,,,,,,,,,,,,,,,,,,,,,,,,,,,,,,,,,,,,,,,,,,,grey,,,,,,,,,,,,,,,,,,,,,,,,,,,,,,,,,,,,,,,,,,,,,,,,,,,,,,,,,,,,,,,,,,,,,,,,,,,,,,,,
,,,,,,,,,,,,,,,,,,,,,,,,,,,,grey,,,,,,,,,,,,,,,,,,,,,,,,,,,,,,,,,,,,,,,,,,,,,,,,,,,,,,,grey,,,,,,,,,,,,,,,,,,,,,,,,,,,,,,,,,,,,,,,,,,,,,,,,,,,,,,,,,,,,,,,,,,,,,,,,,,,,,,,,
,,,,,,,,,,,,,,,,,,,,,,,,,,,,grey,,,,,,,,,,,,,,,,,,,,,,,,,grey,grey,grey,grey,grey,,,,,,,,,,,,,,,,,,,,,,,,,,grey,,,,,,,,,,,,,,,,,,,,,,,,,,,,,,,,,,,,,,,,,,,,,,,,,,,,,,,,,,,,,,,,,,,,,,,,,,,,,,,,
,,,,,,,,,,,,,,,,,,,,,,,,,,,,grey,,,,,,,,,,,,,,,,,,,,,,,,grey,,,,,,grey,,,,,,,,,,,,,,,,,,,,,,,,,grey,,,,,,,,,,,,,,,,,,,,,,,,,,,,,,,,,,,,,,,,,,,,,,,,,,,,,,,,,,,,,,,,,,,,,,,,,,,,,,,,
,,,,,,,,,,,,,,,,,,,,,,,,,,,,grey,,,,,,,,,,,,,,,,,,,,,,,grey,,,,,,,,grey,,,,,,,,,,,,,,,,,,,,,,,,grey,,,,,,,,,,,,,,,,,,,,,,,,,,,,,,,,,,,,,,,,,,,,,,,,,,,,,,,,,,,,,,,,,,,,,,,,,,,,,,,,
,,,,,,,,,,,,,,,,,,,,,,,,,,,,grey,,,,,,,,,,,,,,,,,,,,,,,grey,,,,,,,,grey,,,,,,,,,,,,,,,,,,,,,,,,grey,,,,,,,,,,,,,,,,,,,,,,,,,,,,,,,,,,,,,,,,,,,,,,,,,,,,,,,,,,,,,,,,,,,,,,,,,,,,,,,,
,,,,,,,,,,,,,,,,,,,,,,,,,,,,grey,,,,,,,,,,,,,,,,,,,,,,,grey,,,,,,,,grey,,,,,,,,,,,,,,,,,,,,,,,,grey,,,,,,,,,,,,,,,,,,,,,,,,,,,,,,,,,,,,,,,,,,,,,,,,,,,,,,,,,,,,,,,,,,,,,,,,,,,,,,,,
,,,,,,,,,,,,,,,,,,,,,,,,,,,,grey,,,,,,,,,,,,,,,,,,,,,,,grey,,,,,,,,grey,,,,,,,,,,,,,,,,,,,,,,,,grey,,,,,,,,,,,,,,,,,,,,,,,,,,,,,,,,,,,,,,,,,,,,,,,,,,,,,,,,,,,,,,,,,,,,,,,,,,,,,,,,
,,,,,,,,,,,,,,,,,,,,,,,,,,,,grey,,,,,,,,,,,,,,,,,,,,,,,,grey,grey,grey,grey,grey,grey,grey,,,,,,,,,,,,,,,,,,,,,,,,,grey,,,,,,,,,,,,,,,,,,,,,,,,,,,,,,,,,,,,,,,,,,,,,,,,,,,,,,,,,,,,,,,,,,,,,,,,,,,,,,,,
,,,,,,,,,,,,,,,,,,,,,,,,,,,,grey,,,,,,,,,,,,,,,,,,,,,,,,,,,,,,,,,,,,,,,,,,,,,,,,,,,,,,,grey,,,,,,,,,,,,,,,,,,,,,,,,,,,,,,,,,,,,,,,,,,,,,,,,,,,,,,,,,,,,,,,,,,,,,,,,,,,,,,,,
,,,,,,,,,,,,,,,,,,,,,,,,,,,,grey,,,,,,,,,,,,,,,,,,,,,,,,,,,,,,,,,,,,,,,,,,,,,,,,,,,,,,,grey,,,,,,,,,,,,,,,,,,,,,,,,,,,,,,,,,,,,,,,,,,,,,,,,,,,,,,,,,,,,,,,,,,,,,,,,,,,,,,,,
,,,,,,,,,,,,,,,,,,,,,,,,,,,,grey,,,,,,,,,,,,,,,,,,,,,,,,,,,,,,,,,,,,,,,,,,,,,,,,,,,,,,,grey,,,,,,,,,,,,,,,,,,,,,,,,,,,,,,,,,,,,,,,,,,,,,,,,,,,,,,,,,,,,,,,,,,,,,,,,,,,,,,,,
,,,,,,,,,,,,,,,,,,,,,,,,,,,,grey,,,,,,,,,,,,,,,,,,,,,,,,,,,,,,,,,,,,,,,,,,,,,,,,,,,,,,,grey,,,,,,,,,,,,,,,,,,,,,,,,,,,,,,,,,,,,,,,,,,,,,,,,,,,,,,,,,,,,,,,,,,,,,,,,,,,,,,,,
,,,,,,,,,,,,,,,,,,,,,,,,,,,,grey,,,,,,,,,,,,,,,,,,,,,,,,,,,,,,,,,,,,,,,,,,,,,,,,,,,,,,,grey,,,,,,,,,,,,,,,,,,,,,,,,,,,,,,,,,,,,,,,,,,,,,,,,,,,,,,,,,,,,,,,,,,,,,,,,,,,,,,,,
,,,,,,,,,,,,,,,,,,,,,,,,,,,,grey,,,,,,,,,,,,,,,,,,,,,,,,,,,,,,,,,,,,,,,,,,,,,,,,,,,,,,,grey,,,,,,,,,,,,,,,,,,,,,,,,,,,,,,,,,,,,,,,,,,,,,,,,,,,,,,,,,,,,,,,,,,,,,,,,,,,,,,,,
,,,,,,,,,,,,,,,,,,,,,,,,,,,,grey,,,,,,,,,,,,,,,,,,,,,,,,,,,,,,,,,,,,,,,,,,,,,,,,,,,,,,,grey,,,,,,,,,,,,,,,,,,,,,,,,,,,,,,,,,,,,,,,,,,,,,,,,,,,,,,,,,,,,,,,,,,,,,,,,,,,,,,,,
,,,,,,,,,,,,,,,,,,,,,,,,,,,,grey,grey,grey,grey,grey,grey,grey,grey,grey,grey,grey,grey,grey,grey,grey,grey,grey,grey,grey,grey,grey,grey,grey,grey,grey,grey,grey,grey,grey,grey,grey,grey,grey,grey,grey,grey,grey,grey,grey,grey,grey,grey,grey,grey,grey,grey,grey,grey,grey,grey,grey,grey,grey,grey,grey,grey,,,,,,,,,,,,,,,,,,,,,,,,,,,,,,,,,,,,,,,,,,,,,,,,,,,,,,,,,,,,,,,,,,,,,,,,,,,,,,,,
,,,,,,,,,,,,,,,,,,,,,,,,,,,,,,,,,,,,,,,,,,,,,,,,,,,,,,,,,,,,,,,,,,,,,,,,,,,,,,,,,,,,,,,,,,,,,,,,,,,,,,,,,,,,,,,,,,,,,,,,,,,,,,,,,,,,,,,,,,,,,,,,,,,,,,,,,,,,,,,,,,,
LAYER4
$VAR1 = {
  _Data => {
    nostairs => 1,
    HotelDoors => 1,
    superlight => 1,
    Depth => 'Hotel_LockKey',
    empty => 1,
    Effects => {},
    Toys => [
    ],
    MkStairs => [
    ]
  }
};