LAYER1
                          ######                                      
                  ##+######....####+###                               
             #+####...................#####+######+####               
           ###........................................####            
          ##.........#####+#######+########+#####........###          
         ##......#####                          #+###......###        
       ###.....###                                  ####.....###      
      ##.....###                                       ####....##     
     ##.....##                  ###+####                  ##....##    
    ##....###          ####+#####......##+##               +.....##   
   ##....##         ####...................###             ##.....#   
   #.....+        ###....###+######+###......##             #.....##  
   #....##       ##...####            ##......+             ##.....#  
  ##...##       ##...##                ###....##             #....##  
  #....#       ##...##                   #.....#             +....#   
  #....+       #....+                   ##.....#             #....#   
 ##....#       #...##                   #......+             +....#   
 #....##       +...##                  ##......#             #....#   
 #....#        #....##                ##...##..#            ##...##   
 #....+        #.....###          #+###...###..#            #...##    
 #...##        ##......###+########.....### #..##          ##..##     
##...+          ##....................###   #...###       ##...+      
#....#           ###................###     ##....####+####...##      
##...+             ###.........###+##        ####.............#       
 #...##              ###+####+##                ###...........+       
 #....##                                          ##.........##       
 ##....###                                        ##.......###        
  ###....#+#                                   ####......###          
    ####...#####                            #+##.......###            
       ##......##+#####+###          ###+####.....###+##              
        ####..............###+####+###..........###                   
           #+##.............................###+#                     
              #####+####........####+####+###                         
                       ##########                                     
                                                                      
LAYER2
                                                                      
                    +              +                                  
              +                            +      +                   
                                                                      
                          +       +        +                          
                                                 +                    
                                                                      
                                                                      
                                   +                                  
                           +             +                 +          
                                                                      
         +                  +      +                                  
                                              +                       
                                                                      
                                                             +        
       +            +                                                 
                                               +             +        
               +                                                      
                                                                      
      +                            +                                  
                          +                                           
     +                                                         +      
                                                      +               
     +                            +                                   
                        +    +                                +       
                                                                      
                                                                      
          +                                                           
                                             +                        
                 +     +                +            +                
                             +    +                                   
            +                                  +                      
                   +                +    +                            
                                                                      
                                                                      
LAYER3
,,,,,,,,,,,,,,,,,,,,,,,,,,,,,,,,,,,,,,,,,,,,,,,,,,,,,,,,,,,,,,,,,,,,,,
,,,,,,,,,,,,,,,,,,,,yellow,,,,,,,,,,,,,,,yellow,,,,,,,,,,,,,,,,,,,,,,,,,,,,,,,,,,,
,,,,,,,,,,,,,,yellow,,,,,,,,,,,,,,,,,,,,,,,,,,,,,yellow,,,,,,,yellow,,,,,,,,,,,,,,,,,,,,
,,,,,,,,,,,,,,,,,,,,,,,,,,,,,,,,,,,,,,,,,,,,,,,,,,,,,,,,,,,,,,,,,,,,,,
,,,,,,,,,,,,,,,,,,,,,,,,,,yellow,,,,,,,,yellow,,,,,,,,,yellow,,,,,,,,,,,,,,,,,,,,,,,,,,,
,,,,,,,,,,,,,,,,,,,,,,,,,,,,,,,,,,,,,,,,,,,,,,,,,yellow,,,,,,,,,,,,,,,,,,,,,
,,,,,,,,,,,,,,,,,,,,,,,,,,,,,,,,,,,,,,,,,,,,,,,,,,,,,,,,,,,,,,,,,,,,,,
,,,,,,,,,,,,,,,,,,,,,,,,,,,,,,,,,,,,,,,,,,,,,,,,,,,,,,,,,,,,,,,,,,,,,,
,,,,,,,,,,,,,,,,,,,,,,,,,,,,,,,,,,,yellow,,,,,,,,,,,,,,,,,,,,,,,,,,,,,,,,,,,
,,,,,,,,,,,,,,,,,,,,,,,,,,,yellow,,,,,,,,,,,,,,yellow,,,,,,,,,,,,,,,,,,yellow,,,,,,,,,,,
,,,,,,,,,,,,,,,,,,,,,,,,,,,,,,,,,,,,,,,,,,,,,,,,,,,,,,,,,,,,,,,,,,,,,,
,,,,,,,,,yellow,,,,,,,,,,,,,,,,,,,yellow,,,,,,,yellow,,,,,,,,,,,,,,,,,,,,,,,,,,,,,,,,,,,
,,,,,,,,,,,,,,,,,,,,,,,,,,,,,,,,,,,,,,,,,,,,,,yellow,,,,,,,,,,,,,,,,,,,,,,,,
,,,,,,,,,,,,,,,,,,,,,,,,,,,,,,,,,,,,,,,,,,,,,,,,,,,,,,,,,,,,,,,,,,,,,,
,,,,,,,,,,,,,,,,,,,,,,,,,,,,,,,,,,,,,,,,,,,,,,,,,,,,,,,,,,,,,yellow,,,,,,,,,
,,,,,,,yellow,,,,,,,,,,,,,yellow,,,,,,,,,,,,,,,,,,,,,,,,,,,,,,,,,,,,,,,,,,,,,,,,,,
,,,,,,,,,,,,,,,,,,,,,,,,,,,,,,,,,,,,,,,,,,,,,,,yellow,,,,,,,,,,,,,,yellow,,,,,,,,,
,,,,,,,,,,,,,,,yellow,,,,,,,,,,,,,,,,,,,,,,,,,,,,,,,,,,,,,,,,,,,,,,,,,,,,,,,
,,,,,,,,,,,,,,,,,,,,,,,,,,,,,,,,,,,,,,,,,,,,,,,,,,,,,,,,,,,,,,,,,,,,,,
,,,,,,yellow,,,,,,,,,,,,,,,,,,,,,,,,,,,,,yellow,,,,,,,,,,,,,,,,,,,,,,,,,,,,,,,,,,,
,,,,,,,,,,,,,,,,,,,,,,,,,,yellow,,,,,,,,,,,,,,,,,,,,,,,,,,,,,,,,,,,,,,,,,,,,
,,,,,yellow,,,,,,,,,,,,,,,,,,,,,,,,,,,,,,,,,,,,,,,,,,,,,,,,,,,,,,,,,,yellow,,,,,,,
,,,,,,,,,,,,,,,,,,,,,,,,,,,,,,,,,,,,,,,,,,,,,,,,,,,,,,yellow,,,,,,,,,,,,,,,,
,,,,,yellow,,,,,,,,,,,,,,,,,,,,,,,,,,,,,yellow,,,,,,,,,,,,,,,,,,,,,,,,,,,,,,,,,,,,
,,,,,,,,,,,,,,,,,,,,,,,,yellow,,,,,yellow,,,,,,,,,,,,,,,,,,,,,,,,,,,,,,,,,yellow,,,,,,,,
,,,,,,,,,,,,,,,,,,,,,,,,,,,,,,,,,,,,,,,,,,,,,,,,,,,,,,,,,,,,,,,,,,,,,,
,,,,,,,,,,,,,,,,,,,,,,,,,,,,,,,,,,,,,,,,,,,,,,,,,,,,,,,,,,,,,,,,,,,,,,
,,,,,,,,,,yellow,,,,,,,,,,,,,,,,,,,,,,,,,,,,,,,,,,,,,,,,,,,,,,,,,,,,,,,,,,,,
,,,,,,,,,,,,,,,,,,,,,,,,,,,,,,,,,,,,,,,,,,,,,yellow,,,,,,,,,,,,,,,,,,,,,,,,,
,,,,,,,,,,,,,,,,,yellow,,,,,,yellow,,,,,,,,,,,,,,,,,yellow,,,,,,,,,,,,,yellow,,,,,,,,,,,,,,,,,
,,,,,,,,,,,,,,,,,,,,,,,,,,,,,yellow,,,,,yellow,,,,,,,,,,,,,,,,,,,,,,,,,,,,,,,,,,,,
,,,,,,,,,,,,yellow,,,,,,,,,,,,,,,,,,,,,,,,,,,,,,,,,,,yellow,,,,,,,,,,,,,,,,,,,,,,,
,,,,,,,,,,,,,,,,,,,yellow,,,,,,,,,,,,,,,,,yellow,,,,,yellow,,,,,,,,,,,,,,,,,,,,,,,,,,,,,
,,,,,,,,,,,,,,,,,,,,,,,,,,,,,,,,,,,,,,,,,,,,,,,,,,,,,,,,,,,,,,,,,,,,,,
,,,,,,,,,,,,,,,,,,,,,,,,,,,,,,,,,,,,,,,,,,,,,,,,,,,,,,,,,,,,,,,,,,,,,,
LAYER4
$VAR1 = {
  _Data => {
    nostairs => 1,
    HotelDoors => 1,
    superlight => 1,
    Depth => 'Hotel_Self',
    empty => 1,
    Effects => {},
    Toys => [
    ],
    MkStairs => [
    ]
  }
};