LAYER1
                                                                
                                                                
                                                                
                                                                
                                 #############################  
###################              #           #######         #  
#                 #              #   ####### #     # ####### #  
#                 #              #   #     # ####### #     # #  
#                 #              #   #######         ####### #  
######### #########              #                           #  
        #.#                      #  #######         #######  #  
   ######.########################  #     # ####### #     #  #  
   #.............................   ####### #     # #######  #  
   #.............................           #######          #  
   #...###########################                           #  
   #...#                         ##   ####### ####### ########  
   #...#                          ##  #     # #     # #     ##  
   #...#                           ## ####### ####### ########  
   #...#                           ##                        #  
   #...#                            ###########   ############  
   #...#                                     ##   ##            
   #...#                                     #     #########    
   #...#                                     #             ##   
   #...#                                     #     #######  #   
   #...#                                     #     #     #  #   
   #...#                                     #     ####### ##   
   #...#                                     #              ##  
   ##>##                                     #################  
    ###                                                         
LAYER2
      _______     latin laundry room?                           
     [       ]   "history sticks to your feet"                  
     |  edo  |    slave-girls, rope, and dust.                  
     |  edi  |                     ~Tendo purgo is absentis~    
     | essum |                                                  
 IIII[___=___]IIII                           [-----]            
|   ~         ~   |                  [-----] [ (O) ] [-----]    
|  ~           ~  |                  [ (O) ] [-----] [ (O) ]    
|                 |                  [-----]         [-----]    
|________ ________|                                             
        | |                         [-----]         [-----]     
                                    [ (O) ] [-----] [ (O) ]     
                                    [-----] [ (O) ] [-----]     
                                            [-----]             
                                                                
                                      [-----] [-----] [-----]   
          When the echoes             [ (O) ] [ (O) ] [ (O) ]   
          resound this way,           [-----] [-----] [-----]   
          how can you be sure                                   
          their source remains?                                 
                                                                
                                                                
          2 a.m. panic                                          
          his red fur on wet green grass           [-----]      
          please ground, swallow him.              [ (O) ]      
                                                   [-----]      
                                                                
                                                                
                                            ~haud specialis hic~
LAYER3
,,,,,,grey,grey,grey,grey,grey,grey,grey,,,,,,grey,grey,grey,grey,grey,,grey,grey,grey,grey,grey,grey,grey,,grey,grey,grey,grey,grey,,,,,,,,,,,,,,,,,,,,,,,,,,,,
,,,,,grey,,,,,,,,grey,,,,grey,grey,grey,grey,grey,grey,grey,grey,,grey,grey,grey,grey,grey,grey,,grey,grey,,grey,grey,grey,grey,,grey,grey,grey,grey,grey,,,,,,,,,,,,,,,,,,,
,,,,,grey,,,grey,grey,grey,,,grey,,,,,grey,grey,grey,grey,grey,grey,grey,grey,grey,grey,grey,grey,,grey,grey,grey,grey,grey,,grey,grey,grey,,grey,grey,grey,grey,grey,,,,,,,,,,,,,,,,,,,
,,,,,grey,,,grey,grey,grey,,,grey,,,,,,,,,,,,,,,,,,,,,,grey,grey,grey,grey,grey,grey,,grey,grey,grey,grey,grey,,grey,grey,,grey,grey,grey,grey,grey,grey,grey,grey,grey,,,,,
,,,,,grey,,grey,grey,grey,grey,grey,,grey,,,,,,,,,,,,,,,,,,,,,,,,,,,,,,,,,,,,,,,,,,,,,,,,,,,
grey,grey,grey,grey,grey,grey,grey,grey,grey,grey,grey,grey,grey,grey,grey,grey,grey,grey,grey,,,,,,,,,,,,,,,,,,,,,,,,,,,grey,grey,grey,grey,grey,grey,grey,,,,,,,,,,,,,
grey,,,,grey,,,,,,,,,,grey,,,,grey,,,,,,,,,,,,,,,,,,,grey,grey,grey,grey,grey,grey,grey,,grey,,grey,grey,grey,,grey,,grey,grey,grey,grey,grey,grey,grey,,,,,
grey,,,grey,,,,,,,,,,,,grey,,,grey,,,,,,,,,,,,,,,,,,,grey,,grey,grey,grey,,grey,,grey,grey,grey,grey,grey,grey,grey,,grey,,grey,grey,grey,,grey,,,,,
grey,,,,,,,,,,,,,,,,,,grey,,,,,,,,,,,,,,,,,,,grey,grey,grey,grey,grey,grey,grey,,,,,,,,,,grey,grey,grey,grey,grey,grey,grey,,,,,
grey,grey,grey,grey,grey,grey,grey,grey,grey,,grey,grey,grey,grey,grey,grey,grey,grey,grey,,,,,,,,,,,,,,,,,,,,,,,,,,,,,,,,,,,,,,,,,,,,,,
,,,,,,,,grey,,grey,,,,,,,,,,,,,,,,,,,,,,,,,,grey,grey,grey,grey,grey,grey,grey,,,,,,,,,,grey,grey,grey,grey,grey,grey,grey,,,,,,
,,,,,,,,,,,,,,,,,,,,,,,,,,,,,,,,,,,,grey,,grey,grey,grey,,grey,,grey,grey,grey,grey,grey,grey,grey,,grey,,grey,grey,grey,,grey,,,,,,
,,,,,,,,,,,,,,,,,,,,,,,,,,,,,,,,,,,,grey,grey,grey,grey,grey,grey,grey,,grey,,grey,grey,grey,,grey,,grey,grey,grey,grey,grey,grey,grey,,,,,,
,,,,,,,,,,,,,,,,,,,,,,,,,,,,,,,,,,,,,,,,,,,,grey,grey,grey,grey,grey,grey,grey,,,,,,,,,,,,,,
,,,,,,,,,,,,,,,,,,,,,,,,,,,,,,,,,,,,,,,,,,,,,,,,,,,,,,,,,,,,,,,,
,,,,,,,,,,,,,,,,,,,,,,,,,,,,,,,,,,,,,,grey,grey,grey,grey,grey,grey,grey,,grey,grey,grey,grey,grey,grey,grey,,grey,grey,grey,grey,grey,grey,grey,,,,
,,,,,,,,,,grey,grey,grey,grey,,grey,grey,grey,,grey,grey,grey,grey,grey,grey,,,,,,,,,,,,,,grey,,grey,grey,grey,,grey,,grey,,grey,grey,grey,,grey,,grey,,grey,grey,grey,,grey,,,,
,,,,,,,,,,grey,grey,grey,grey,grey,grey,grey,,grey,grey,grey,grey,,grey,grey,grey,grey,,,,,,,,,,,,grey,grey,grey,grey,grey,grey,grey,,grey,grey,grey,grey,grey,grey,grey,,grey,grey,grey,grey,grey,grey,grey,,,,
,,,,,,,,,,grey,grey,grey,,grey,grey,grey,,grey,grey,grey,,grey,grey,,grey,grey,grey,grey,,,,,,,,,,,,,,,,,,,,,,,,,,,,,,,,,,,,
,,,,,,,,,,grey,grey,grey,grey,grey,,grey,grey,grey,grey,grey,grey,,grey,grey,grey,grey,grey,grey,grey,grey,,,,,,,,,,,,,,,,,,,,,,,,,,,,,,,,,,
,,,,,,,,,,,,,,,,,,,,,,,,,,,,,,,,,,,,,,,,,,,,,,,,,,,,,,,,,,,,,,,,
,,,,,,,,,,,,,,,,,,,,,,,,,,,,,,,,,,,,,,,,,,,,,,,,,,,,,,,,,,,,,,,,
,,,,,,,,,,grey,,grey,grey,grey,grey,,grey,grey,grey,grey,grey,,,,,,,,,,,,,,,,,,,,,,,,,,,,,,,,,,,,,,,,,,,
,,,,,,,,,,grey,grey,grey,,grey,grey,grey,,grey,grey,grey,,grey,grey,,grey,grey,grey,,grey,grey,grey,grey,grey,,grey,grey,grey,grey,grey,,,,,,,,,,,,grey,grey,grey,grey,grey,grey,grey,,,,,,,
,,,,,,,,,,grey,grey,grey,grey,grey,grey,,grey,grey,grey,grey,grey,grey,grey,,grey,grey,grey,grey,grey,grey,grey,,grey,grey,grey,grey,,,,,,,,,,,,,,,grey,,grey,grey,grey,,grey,,,,,,,
,,,,,,,,,,,,,,,,,,,,,,,,,,,,,,,,,,,,,,,,,,,,,,,,,,,grey,grey,grey,grey,grey,grey,grey,,,,,,,
,,,,,,,,,,,,,,,,,,,,,,,,,,,,,,,,,,,,,,,,,,,,,,,,,,,,,,,,,,,,,,,,
,,,,,,,,,,,,,,,,,,,,,,,,,,,,,,,,,,,,,,,,,,,,,,,,,,,,,,,,,,,,,,,,
,,,,,,,,,,,,,,,,,,,,,,,,,,,,,,,,,,,,,,,,,,,,grey,grey,grey,grey,grey,,grey,grey,grey,grey,grey,grey,grey,grey,grey,,grey,grey,grey,grey,
LAYER4
$VAR1 = {
  spawnpt => {
    main => [ [24, 4], [24, 5], [24, 6], [25, 4], [25, 5], [25, 6], [26, 4], [26, 5], 
              [26, 6], [27, 5]
            ]
  },
  _Data => {
    nostairs => 1,
    superlight => 1,
    Depth => 'Hotel_Vending',
    empty => 1,
    Effects => {},
    Toys => [
    ],
    MkStairs => [
      [27, 5, "Hotel_Atrium", "vending"],
    ]
  }
};