LAYER1
                                                                                                   ########                                                                          
                                                                                                    ##    #######                                                                    
                                                                                                     ##          ########                                                            
                                                                                                      ##                 #####                                                       
                                                                                                       #####                 ###                                                     
                                                                                                           ########            #######################                               
                                                                                                                   ###                               ############                    
                                                                                                                     ##                                          ########            
                                                                                                                       #                                                 ######      
                                                                                                                       #                                                      ###    
                                                                                                                       #                                                        ###  
                                                                                                                     ##                                                           ## 
                                                                                                                  ####                                                             # 
    ### ################ ################ ########################################################################                                                                 ##
    #                                                   #                                                                                       ~~~~~~~~~~                          #
    #                                                   #                                                                                    ~~~          ~~~                       #
    #                                                   #                                                                                   ~                ~                     ##
    #                                                   #                                                                                   ~                ~                     # 
    #                                                   #                                                                                    ~~~          ~~~                     ## 
    #                                                   #                                                                                       ~~~~~~~~~~                        #  
    ### ################ ################ ##################################################################                                                                      #  
                                                                                                           #                                                                     ##  
                                                                                                          ##                                                                   ###   
                                                                                                         ##                                                                   ##     
                                                                                                     ####                                                                  ####      
                                                                                                  ###                                                                #######         
                                                                                                ##                                                         ###########               
                                                                                               #                                        ###################                          
                                                                                             ##                #########################                                             
                                                                                            #          ########                                                                      
                                                                                            #      ####                                                                              
                                                                                             #  ###                                                                                  
                                                                                             ####                                                                                    
LAYER2
                                                                                                                                                                                     
                                                                                                                                                                                     
                                                                                                                                                                                     
      ___              ___              ___                                                                                                                                          
   /\ | | /\        /\ | | /\        /\ | | /\                                                                                                                                       
   \ \|_|/ /        \ \|_|/ /        \ \|_|/ /                                                                                                                                       
 ___\/   \/___    ___\/   \/___    ___\/   \/___                                                                                                                                     
|___|  G  |___|  |___|  B  |___|  |___|  e  |___|                                                                                                                                    
    /\___/\          /\___/\          /\___/\                                                                                                                                        
   / /| |\ \        / /| |\ \        / /| |\ \                                                                                                                                       
   \/ |_| \/        \/ |_| \/        \/ |_| \/                                                                                                                                       
       |                |                |                                                                                                                                           
       |                |                |                                                                                                                                           
       \                \                \                                                                                                                                           
        \                \                \------------- -----|-----|-----|-----|----|----|----|---|---|---|--|--|--|---------------------------          ----------------|          
         \                \----------------------------- -----|-----|-----|-----|----|----|----|---|---|---|--|--|--|------------------------   ----------   -------------|          
          \--------------------------------------------- -----|-----|-----|-----|----|----|----|---|---|---|--|--|--|----------------------- ---------------- ------------|          
          /--------------------------------------------- -----|-----|-----|-----|----|----|----|---|---|---|--|--|--|----------------------- ---------------- ------------|          
         /                /----------------------------- -----|-----|-----|-----|----|----|----|---|---|---|--|--|--|------------------------   ----------   -------------|          
        /                /                /------------- -----|-----|-----|-----|----|----|----|---|---|---|--|--|--|---------------------------          ----------------|          
       /                /                /                                                                                                                                           
       |                |                |                                                                                                                                           
       |                |                |                                                                                                                                           
      ___              ___              ___                                                                                                                                          
   /\ | | /\        /\ | | /\        /\ | | /\                                                                                                                                       
   \ \|_|/ /        \ \|_|/ /        \ \|_|/ /                                                                                                                                       
 ___\/   \/___    ___\/   \/___    ___\/   \/___                                                                                                                                     
|___|  D  |___|  |___|  A  |___|  |___|  E  |___|                                                                                                                                    
    /\___/\          /\___/\          /\___/\                                                                                                                                        
   / /| |\ \        / /| |\ \        / /| |\ \                                                                                                                                       
   \/ |_| \/        \/ |_| \/        \/ |_| \/                                                                                                                                       
                                                                                                                                                                                     
                                                                                                                                                                                     
LAYER3
,,,,,,,,,,,,,,,,,,,,,,,,,,,,,,,,,,,,,,,,,,,,,,,,,,,,,,,,,,,,,,,,,,,,,,,,,,,,,,,,,,,,,,,,,,,,,,,,,,,,,,,,,,,,,,,,,,,,,,,,,,,,,,,,,,,,,,,,,,,,,,,,,,,,,,,,,,,,,,,,,,,,,,,,,,,,,,,,,,,,,
,,,,,,,,,,,,,,,,,,,,,,,,,,,,,,,,,,,,,,,,,,,,,,,,,,,,,,,,,,,,,,,,,,,,,,,,,,,,,,,,,,,,,,,,,,,,,,,,,,,,,,,,,,,,,,,,,,,,,,,,,,,,,,,,,,,,,,,,,,,,,,,,,,,,,,,,,,,,,,,,,,,,,,,,,,,,,,,,,,,,,
,,,,,,,,,,,,,,,,,,,,,,,,,,,,,,,,,,,,,,,,,,,,,,,,,,,,,,,,,,,,,,,,,,,,,,,,,,,,,,,,,,,,,,,,,,,,,,,,,,,,,,,,,,,,,,,,,,,,,,,,,,,,,,,,,,,,,,,,,,,,,,,,,,,,,,,,,,,,,,,,,,,,,,,,,,,,,,,,,,,,,
,,,,,,grey,grey,grey,,,,,,,,,,,,,,,grey,grey,grey,,,,,,,,,,,,,,,grey,grey,grey,,,,,,,,,,,,,,,,,,,,,,,,,,,,,,,,,,,,,,,,,,,,,,,,,,,,,,,,,,,,,,,,,,,,,,,,,,,,,,,,,,,,,,,,,,,,,,,,,,,,,,,,,,,,,,,,,,,,,,,,,,,,,,,,,,,,,,,,,,,
,,,grey,grey,,grey,,grey,,grey,grey,,,,,,,,,grey,grey,,grey,,grey,,grey,grey,,,,,,,,,grey,grey,,grey,,grey,,grey,grey,,,,,,,,,,,,,,,,,,,,,,,,,,,,,,,,,,,,,,,,,,,,,,,,,,,,,,,,,,,,,,,,,,,,,,,,,,,,,,,,,,,,,,,,,,,,,,,,,,,,,,,,,,,,,,,,,,,,,,,,,,,,,,,,,,,,,,,,
,,,grey,,grey,grey,grey,grey,grey,,grey,,,,,,,,,grey,,grey,grey,grey,grey,grey,,grey,,,,,,,,,grey,,grey,grey,grey,grey,grey,,grey,,,,,,,,,,,,,,,,,,,,,,,,,,,,,,,,,,,,,,,,,,,,,,,,,,,,,,,,,,,,,,,,,,,,,,,,,,,,,,,,,,,,,,,,,,,,,,,,,,,,,,,,,,,,,,,,,,,,,,,,,,,,,,,,,,,,,,,,
,grey,grey,grey,grey,grey,,,,grey,grey,grey,grey,grey,,,,,grey,grey,grey,grey,grey,,,,grey,grey,grey,grey,grey,,,,,grey,grey,grey,grey,grey,,,,grey,grey,grey,grey,grey,,,,,,,,,,,,,,,,,,,,,,,,,,,,,,,,,,,,,,,,,,,,,,,,,,,,,,,,,,,,,,,,,,,,,,,,,,,,,,,,,,,,,,,,,,,,,,,,,,,,,,,,,,,,,,,,,,,,,,,,,,,,,,,,,,,,,,
grey,grey,grey,grey,grey,,,grey,,,grey,grey,grey,grey,grey,,,grey,grey,grey,grey,grey,,,grey,,,grey,grey,grey,grey,grey,,,grey,grey,grey,grey,grey,,,grey,,,grey,grey,grey,grey,grey,,,,,,,,,,,,,,,,,,,,,,,,,,,,,,,,,,,,,,,,,,,,,,,,,,,,,,,,,,,,,,,,,,,,,,,,,,,,,,,,,,,,,,,,,,,,,,,,,,,,,,,,,,,,,,,,,,,,,,,,,,,,,,,,,,,,,
,,,,grey,grey,grey,grey,grey,grey,grey,,,,,,,,,,,grey,grey,grey,grey,grey,grey,grey,,,,,,,,,,,grey,grey,grey,grey,grey,grey,grey,,,,,,,,,,,,,,,,,,,,,,,,,,,,,,,,,,,,,,,,,,,,,,,,,,,,,,,,,,,,,,,,,,,,,,,,,,,,,,,,,,,,,,,,,,,,,,,,,,,,,,,,,,,,,,,,,,,,,,,,,,,,,,,,,,,,,,,,,
,,,grey,,grey,grey,,grey,grey,,grey,,,,,,,,,grey,,grey,grey,,grey,grey,,grey,,,,,,,,,grey,,grey,grey,,grey,grey,,grey,,,,,,,,,,,,,,,,,,,,,,,,,,,,,,,,,,,,,,,,,,,,,,,,,,,,,,,,,,,,,,,,,,,,,,,,,,,,,,,,,,,,,,,,,,,,,,,,,,,,,,,,,,,,,,,,,,,,,,,,,,,,,,,,,,,,,,,,
,,,grey,grey,,grey,grey,grey,,grey,grey,,,,,,,,,grey,grey,,grey,grey,grey,,grey,grey,,,,,,,,,grey,grey,,grey,grey,grey,,grey,grey,,,,,,,,,,,,,,,,,,,,,,,,,,,,,,,,,,,,,,,,,,,,,,,,,,,,,,,,,,,,,,,,,,,,,,,,,,,,,,,,,,,,,,,,,,,,,,,,,,,,,,,,,,,,,,,,,,,,,,,,,,,,,,,,,,,,,,,,
,,,,,,,grey,,,,,,,,,,,,,,,,,grey,,,,,,,,,,,,,,,,,grey,,,,,,,,,,,,,,,,,,,,,,,,,,,,,,,,,,,,,,,,,,,,,,,,,,,,,,,,,,,,,,,,,,,,,,,,,,,,,,,,,,,,,,,,,,,,,,,,,,,,,,,,,,,,,,,,,,,,,,,,,,,,,,,,,,,,,,,,,,,,
,,,,,,,grey,,,,,,,,,,,,,,,,,grey,,,,,,,,,,,,,,,,,grey,,,,,,,,,,,,,,,,,,,,,,,,,,,,,,,,,,,,,,,,,,,,,,,,,,,,,,,,,,,,,,,,,,,,,,,,,,,,,,,,,,,,,,,,,,,,,,,,,,,,,,,,,,,,,,,,,,,,,,,,,,,,,,,,,,,,,,,,,,,,
,,,,,,,grey,,,,,,,,,,,,,,,,,grey,,,,,,,,,,,,,,,,,grey,,,,,,,,,,,,,,,,,,,,,,,,,,,,,,,,,,,,,,,,,,,,,,,,,,,,,,,,,,,,,,,,,,,,,,,,,,,,,,,,,,,,,,,,,,,,,,,,,,,,,,,,,,,,,,,,,,,,,,,,,,,,,,,,,,,,,,,,,,,,
,,,,,,,,grey,,,,,,,,,,,,,,,,,grey,,,,,,,,,,,,,,,,,grey,grey,grey,grey,grey,grey,grey,grey,grey,grey,grey,grey,grey,grey,,grey,grey,grey,grey,grey,grey,grey,grey,grey,grey,grey,grey,grey,grey,grey,grey,grey,grey,grey,grey,grey,grey,grey,grey,grey,grey,grey,grey,grey,grey,grey,grey,grey,grey,grey,grey,grey,grey,grey,grey,grey,grey,grey,grey,grey,grey,grey,grey,grey,grey,grey,grey,grey,grey,grey,grey,grey,grey,grey,grey,grey,grey,grey,grey,grey,grey,grey,grey,grey,grey,grey,grey,grey,grey,grey,grey,grey,grey,grey,grey,grey,grey,grey,grey,grey,grey,grey,,,,,,,,,,,grey,grey,grey,grey,grey,grey,grey,grey,grey,grey,grey,grey,grey,grey,grey,grey,grey,,,,,,,,,,,
,,,,,,,,,grey,,,,,,,,,,,,,,,,,grey,grey,grey,grey,grey,grey,grey,grey,grey,grey,grey,grey,grey,grey,grey,grey,grey,grey,grey,grey,grey,grey,grey,grey,grey,grey,grey,grey,grey,grey,,grey,grey,grey,grey,grey,grey,grey,grey,grey,grey,grey,grey,grey,grey,grey,grey,grey,grey,grey,grey,grey,grey,grey,grey,grey,grey,grey,grey,grey,grey,grey,grey,grey,grey,grey,grey,grey,grey,grey,grey,grey,grey,grey,grey,grey,grey,grey,grey,grey,grey,grey,grey,grey,grey,grey,grey,grey,grey,grey,grey,grey,grey,grey,grey,grey,grey,grey,grey,grey,grey,grey,grey,grey,grey,grey,grey,grey,grey,grey,grey,grey,grey,grey,grey,,,,grey,grey,grey,grey,grey,grey,grey,grey,grey,grey,,,,grey,grey,grey,grey,grey,grey,grey,grey,grey,grey,grey,grey,grey,grey,,,,,,,,,,,
,,,,,,,,,,grey,grey,grey,grey,grey,grey,grey,grey,grey,grey,grey,grey,grey,grey,grey,grey,grey,grey,grey,grey,grey,grey,grey,grey,grey,grey,grey,grey,grey,grey,grey,grey,grey,grey,grey,grey,grey,grey,grey,grey,grey,grey,grey,grey,grey,grey,,grey,grey,grey,grey,grey,grey,grey,grey,grey,grey,grey,grey,grey,grey,grey,grey,grey,grey,grey,grey,grey,grey,grey,grey,grey,grey,grey,grey,grey,grey,grey,grey,grey,grey,grey,grey,grey,grey,grey,grey,grey,grey,grey,grey,grey,grey,grey,grey,grey,grey,grey,grey,grey,grey,grey,grey,grey,grey,grey,grey,grey,grey,grey,grey,grey,grey,grey,grey,grey,grey,grey,grey,grey,grey,grey,grey,grey,grey,grey,grey,grey,grey,grey,,grey,grey,grey,grey,grey,grey,grey,grey,grey,grey,grey,grey,grey,grey,grey,grey,,grey,grey,grey,grey,grey,grey,grey,grey,grey,grey,grey,grey,grey,,,,,,,,,,,
,,,,,,,,,,grey,grey,grey,grey,grey,grey,grey,grey,grey,grey,grey,grey,grey,grey,grey,grey,grey,grey,grey,grey,grey,grey,grey,grey,grey,grey,grey,grey,grey,grey,grey,grey,grey,grey,grey,grey,grey,grey,grey,grey,grey,grey,grey,grey,grey,grey,,grey,grey,grey,grey,grey,grey,grey,grey,grey,grey,grey,grey,grey,grey,grey,grey,grey,grey,grey,grey,grey,grey,grey,grey,grey,grey,grey,grey,grey,grey,grey,grey,grey,grey,grey,grey,grey,grey,grey,grey,grey,grey,grey,grey,grey,grey,grey,grey,grey,grey,grey,grey,grey,grey,grey,grey,grey,grey,grey,grey,grey,grey,grey,grey,grey,grey,grey,grey,grey,grey,grey,grey,grey,grey,grey,grey,grey,grey,grey,grey,grey,grey,grey,,grey,grey,grey,grey,grey,grey,grey,grey,grey,grey,grey,grey,grey,grey,grey,grey,,grey,grey,grey,grey,grey,grey,grey,grey,grey,grey,grey,grey,grey,,,,,,,,,,,
,,,,,,,,,grey,,,,,,,,,,,,,,,,,grey,grey,grey,grey,grey,grey,grey,grey,grey,grey,grey,grey,grey,grey,grey,grey,grey,grey,grey,grey,grey,grey,grey,grey,grey,grey,grey,grey,grey,grey,,grey,grey,grey,grey,grey,grey,grey,grey,grey,grey,grey,grey,grey,grey,grey,grey,grey,grey,grey,grey,grey,grey,grey,grey,grey,grey,grey,grey,grey,grey,grey,grey,grey,grey,grey,grey,grey,grey,grey,grey,grey,grey,grey,grey,grey,grey,grey,grey,grey,grey,grey,grey,grey,grey,grey,grey,grey,grey,grey,grey,grey,grey,grey,grey,grey,grey,grey,grey,grey,grey,grey,grey,grey,grey,grey,grey,grey,grey,grey,grey,grey,grey,grey,grey,,,,grey,grey,grey,grey,grey,grey,grey,grey,grey,grey,,,,grey,grey,grey,grey,grey,grey,grey,grey,grey,grey,grey,grey,grey,grey,,,,,,,,,,,
,,,,,,,,grey,,,,,,,,,,,,,,,,,grey,,,,,,,,,,,,,,,,,grey,grey,grey,grey,grey,grey,grey,grey,grey,grey,grey,grey,grey,grey,,grey,grey,grey,grey,grey,grey,grey,grey,grey,grey,grey,grey,grey,grey,grey,grey,grey,grey,grey,grey,grey,grey,grey,grey,grey,grey,grey,grey,grey,grey,grey,grey,grey,grey,grey,grey,grey,grey,grey,grey,grey,grey,grey,grey,grey,grey,grey,grey,grey,grey,grey,grey,grey,grey,grey,grey,grey,grey,grey,grey,grey,grey,grey,grey,grey,grey,grey,grey,grey,grey,grey,grey,grey,grey,grey,grey,grey,grey,grey,grey,grey,grey,grey,grey,grey,grey,grey,,,,,,,,,,,grey,grey,grey,grey,grey,grey,grey,grey,grey,grey,grey,grey,grey,grey,grey,grey,grey,,,,,,,,,,,
,,,,,,,grey,,,,,,,,,,,,,,,,,grey,,,,,,,,,,,,,,,,,grey,,,,,,,,,,,,,,,,,,,,,,,,,,,,,,,,,,,,,,,,,,,,,,,,,,,,,,,,,,,,,,,,,,,,,,,,,,,,,,,,,,,,,,,,,,,,,,,,,,,,,,,,,,,,,,,,,,,,,,,,,,,,,,,,,,,,,,,,,,,,
,,,,,,,grey,,,,,,,,,,,,,,,,,grey,,,,,,,,,,,,,,,,,grey,,,,,,,,,,,,,,,,,,,,,,,,,,,,,,,,,,,,,,,,,,,,,,,,,,,,,,,,,,,,,,,,,,,,,,,,,,,,,,,,,,,,,,,,,,,,,,,,,,,,,,,,,,,,,,,,,,,,,,,,,,,,,,,,,,,,,,,,,,,,
,,,,,,,grey,,,,,,,,,,,,,,,,,grey,,,,,,,,,,,,,,,,,grey,,,,,,,,,,,,,,,,,,,,,,,,,,,,,,,,,,,,,,,,,,,,,,,,,,,,,,,,,,,,,,,,,,,,,,,,,,,,,,,,,,,,,,,,,,,,,,,,,,,,,,,,,,,,,,,,,,,,,,,,,,,,,,,,,,,,,,,,,,,,
,,,,,,grey,grey,grey,,,,,,,,,,,,,,,grey,grey,grey,,,,,,,,,,,,,,,grey,grey,grey,,,,,,,,,,,,,,,,,,,,,,,,,,,,,,,,,,,,,,,,,,,,,,,,,,,,,,,,,,,,,,,,,,,,,,,,,,,,,,,,,,,,,,,,,,,,,,,,,,,,,,,,,,,,,,,,,,,,,,,,,,,,,,,,,,,,,,,,,,,
,,,grey,grey,,grey,,grey,,grey,grey,,,,,,,,,grey,grey,,grey,,grey,,grey,grey,,,,,,,,,grey,grey,,grey,,grey,,grey,grey,,,,,,,,,,,,,,,,,,,,,,,,,,,,,,,,,,,,,,,,,,,,,,,,,,,,,,,,,,,,,,,,,,,,,,,,,,,,,,,,,,,,,,,,,,,,,,,,,,,,,,,,,,,,,,,,,,,,,,,,,,,,,,,,,,,,,,,,
,,,grey,,grey,grey,grey,grey,grey,,grey,,,,,,,,,grey,,grey,grey,grey,grey,grey,,grey,,,,,,,,,grey,,grey,grey,grey,grey,grey,,grey,,,,,,,,,,,,,,,,,,,,,,,,,,,,,,,,,,,,,,,,,,,,,,,,,,,,,,,,,,,,,,,,,,,,,,,,,,,,,,,,,,,,,,,,,,,,,,,,,,,,,,,,,,,,,,,,,,,,,,,,,,,,,,,,,,,,,,,,
,grey,grey,grey,grey,grey,,,,grey,grey,grey,grey,grey,,,,,grey,grey,grey,grey,grey,,,,grey,grey,grey,grey,grey,,,,,grey,grey,grey,grey,grey,,,,grey,grey,grey,grey,grey,,,,,,,,,,,,,,,,,,,,,,,,,,,,,,,,,,,,,,,,,,,,,,,,,,,,,,,,,,,,,,,,,,,,,,,,,,,,,,,,,,,,,,,,,,,,,,,,,,,,,,,,,,,,,,,,,,,,,,,,,,,,,,,,,,,,,,
grey,grey,grey,grey,grey,,,grey,,,grey,grey,grey,grey,grey,,,grey,grey,grey,grey,grey,,,grey,,,grey,grey,grey,grey,grey,,,grey,grey,grey,grey,grey,,,grey,,,grey,grey,grey,grey,grey,,,,,,,,,,,,,,,,,,,,,,,,,,,,,,,,,,,,,,,,,,,,,,,,,,,,,,,,,,,,,,,,,,,,,,,,,,,,,,,,,,,,,,,,,,,,,,,,,,,,,,,,,,,,,,,,,,,,,,,,,,,,,,,,,,,,,
,,,,grey,grey,grey,grey,grey,grey,grey,,,,,,,,,,,grey,grey,grey,grey,grey,grey,grey,,,,,,,,,,,grey,grey,grey,grey,grey,grey,grey,,,,,,,,,,,,,,,,,,,,,,,,,,,,,,,,,,,,,,,,,,,,,,,,,,,,,,,,,,,,,,,,,,,,,,,,,,,,,,,,,,,,,,,,,,,,,,,,,,,,,,,,,,,,,,,,,,,,,,,,,,,,,,,,,,,,,,,,,
,,,grey,,grey,grey,,grey,grey,,grey,,,,,,,,,grey,,grey,grey,,grey,grey,,grey,,,,,,,,,grey,,grey,grey,,grey,grey,,grey,,,,,,,,,,,,,,,,,,,,,,,,,,,,,,,,,,,,,,,,,,,,,,,,,,,,,,,,,,,,,,,,,,,,,,,,,,,,,,,,,,,,,,,,,,,,,,,,,,,,,,,,,,,,,,,,,,,,,,,,,,,,,,,,,,,,,,,,
,,,grey,grey,,grey,grey,grey,,grey,grey,,,,,,,,,grey,grey,,grey,grey,grey,,grey,grey,,,,,,,,,grey,grey,,grey,grey,grey,,grey,grey,,,,,,,,,,,,,,,,,,,,,,,,,,,,,,,,,,,,,,,,,,,,,,,,,,,,,,,,,,,,,,,,,,,,,,,,,,,,,,,,,,,,,,,,,,,,,,,,,,,,,,,,,,,,,,,,,,,,,,,,,,,,,,,,,,,,,,,,
,,,,,,,,,,,,,,,,,,,,,,,,,,,,,,,,,,,,,,,,,,,,,,,,,,,,,,,,,,,,,,,,,,,,,,,,,,,,,,,,,,,,,,,,,,,,,,,,,,,,,,,,,,,,,,,,,,,,,,,,,,,,,,,,,,,,,,,,,,,,,,,,,,,,,,,,,,,,,,,,,,,,,,,,,,,,,,,,,,,,,
,,,,,,,,,,,,,,,,,,,,,,,,,,,,,,,,,,,,,,,,,,,,,,,,,,,,,,,,,,,,,,,,,,,,,,,,,,,,,,,,,,,,,,,,,,,,,,,,,,,,,,,,,,,,,,,,,,,,,,,,,,,,,,,,,,,,,,,,,,,,,,,,,,,,,,,,,,,,,,,,,,,,,,,,,,,,,,,,,,,,,
LAYER4
$VAR1 = {
  _Data => {
    'superlight' => 1,
    'Depth' => 'Guitar',
    'empty' => 1,
    'nostairs' => 1
  }
};
