LAYER1
                                                                               
                                                                               
                                                                               
                                                                               
                                                                               
                                                                               
                                                                               
                                                                               
                                                                               
                                                                               
                                                                               
                                                                               
                                                                               
                                                                               
                                                                               
                                                                               
                                                                               
                                                                               
             ~                                                                 
                                                                               
                                                                               
                                                                               
                                                                               
                                                                               
                                                                               
                                                                               
                                                                               
                                                                               
                                                                               
LAYER2
 _______   _         _______   _______   _______   _        _________  _______ 
(       ) ( (    /| (  ____ \ (       ) (  ___  ) ( (    /| \__   __/ (  ____ \
| () () | |  \  ( | | (    \/ | () () | | (   ) | |  \  ( |    ) (    | (    \/
| || || | |   \ | | | (__     | || || | | |   | | |   \ | |    | |    | |      
| |(_)| | | (\ \) | |  __)    | |(_)| | | |   | | | (\ \) |    | |    | |      
| |   | | | | \   | | (       | |   | | | |   | | | | \   |    | |    | |      
| )   ( | | )  \  | | (____/\ | )   ( | | (___) | | )  \  | ___) (___ | (____/\
|/     \| |/    )_) (_______/ |/     \| (_______) |/    )_) \_______/ (_______/
                                                                               
                               _______   _                                     
                              (  ____ ) ( \                                    
                              | (    )| | (                                    
                              | (____)| | |                                    
                              |     __) | |            ___                     
   ___                        | (\ (    | |           |   |                    
  |   |                       | ) \ \__ | (____/\     |   |                    
  |   |                       |/   \__/ (_______/     |   |                    
  |   |                                               |   |                    
  |   |      ~ Created by Da-Breegster                |   |                    
  |   |                                               /   /                    
  |   |                                              /   /                     
   \   \                                            /   /                      
    \   \                                          /   /                       
     \   \    (n).  A device for remembering what you've chosen to forget.     
                                                                               
                                                                               
                                                                               
                                                                               
                                                                               
LAYER3
,Red,Red,Red,Red,Red,Red,Red,,,,red,,,,,,,,,,Red,Red,Red,Red,Red,Red,Red,,,,red,red,red,red,red,red,red,,,,Red,Red,Red,Red,Red,Red,Red,,,,red,,,,,,,,,Red,Red,Red,Red,Red,Red,Red,Red,Red,,,red,red,red,red,red,red,red,,
Red,,,,,,,,Red,,red,,red,,,,,red,red,,Red,,,Red,Red,Red,Red,,Red,,red,,,,,,,,red,,Red,,,Red,Red,Red,,,Red,,red,,red,,,,,red,red,,Red,Red,Red,,,,Red,Red,Red,,red,,,red,red,red,red,,red,
Red,,Red,Red,,Red,Red,,Red,,red,,,red,,,red,,red,,Red,,Red,,,,,Red,Red,,red,,red,red,,red,red,,red,,Red,,Red,,,,Red,,Red,,red,,,red,,,red,,red,,,,,Red,,Red,,,,,red,,red,,,,,red,red,
Red,,Red,Red,,Red,Red,,Red,,red,,,,red,,red,,red,,Red,,Red,Red,Red,,,,,,red,,red,red,,red,red,,red,,Red,,Red,,,,Red,,Red,,red,,,,red,,red,,red,,,,,Red,,Red,,,,,red,,red,,,,,,,
Red,,Red,Red,Red,Red,Red,,Red,,red,,red,red,,red,red,,red,,Red,,,Red,Red,Red,,,,,red,,red,red,red,red,red,,red,,Red,,Red,,,,Red,,Red,,red,,red,red,,red,red,,red,,,,,Red,,Red,,,,,red,,red,,,,,,,
Red,,Red,,,,Red,,Red,,red,,red,,red,,,,red,,Red,,Red,,,,,,,,red,,red,,,,red,,red,,Red,,Red,,,,Red,,Red,,red,,red,,red,,,,red,,,,,Red,,Red,,,,,red,,red,,,,,,,
Red,,Red,,,,Red,,Red,,red,,red,,,red,,,red,,Red,,Red,Red,Red,Red,Red,Red,Red,,red,,red,,,,red,,red,,Red,,Red,Red,Red,Red,Red,,Red,,red,,red,,,red,,,red,,Red,Red,Red,Red,,Red,Red,Red,Red,,red,,red,red,red,red,red,red,red,
Red,Red,,,,,,Red,Red,,red,red,,,,,red,red,red,,Red,Red,Red,Red,Red,Red,Red,Red,Red,,red,red,,,,,,red,red,,Red,Red,Red,Red,Red,Red,Red,Red,Red,,red,red,,,,,red,red,red,,Red,Red,Red,Red,Red,Red,Red,Red,Red,,red,red,red,red,red,red,red,red,red,
,,,,,,,,,,,,,,,,,,,,,,,,,,,,,,,,,,,,,,,,,,,,,,,,,,,,,,,,,,,,,,,,,,,,,,,,,,,,,,,
,,,,,,,,,,,,,,,,,,,,,,,,,,,,,,,Purple,Purple,Purple,Purple,Purple,Purple,Purple,,,,purple,,,,,,,,,,,,,,,,,,,,,,,,,,,,,,,,,,,,,,
,,,,,,,,,,,,,,,,,,,,,,,,,,,,,,Purple,,,Purple,Purple,Purple,Purple,,Purple,,purple,,purple,,,,,,,,,,,,,,,,,,,,,,,,,,,,,,,,,,,,,
,,,,,,,,,,,,,,,,,,,,,,,,,,,,,,Purple,,Purple,,,,,Purple,Purple,,purple,,purple,,,,,,,,,,,,,,,,,,,,,,,,,,,,,,,,,,,,,
,,,,,,,,,,,,,,,,,,,,,,,,,,,,,,Purple,,Purple,Purple,Purple,Purple,Purple,Purple,Purple,,purple,,purple,,,,,,,,,,,,,,,,,,,,,,,,,,,,,,,,,,,,,
,,,,,,,,,,,,,,,,,,,,,,,,,,,,,,Purple,,,,,,Purple,Purple,Purple,,purple,,purple,,,,,,,,,,,,,orange,orange,orange,,,,,,,,,,,,,,,,,,,,,,
,,,orange,orange,orange,,,,,,,,,,,,,,,,,,,,,,,,,Purple,,Purple,Purple,,Purple,,,,,purple,,purple,,,,,,,,,,,,orange,,,,orange,,,,,,,,,,,,,,,,,,,,,
,,orange,,,,orange,,,,,,,,,,,,,,,,,,,,,,,,Purple,,Purple,,Purple,,Purple,Purple,Purple,,purple,,purple,purple,purple,purple,purple,purple,purple,,,,,,orange,,,,orange,,,,,,,,,,,,,,,,,,,,,
,,orange,,,,orange,,,,,,,,,,,,,,,,,,,,,,,,Purple,Purple,,,,Purple,Purple,Purple,Purple,,purple,purple,purple,purple,purple,purple,purple,purple,purple,,,,,,orange,,,,orange,,,,,,,,,,,,,,,,,,,,,
,,orange,,,,orange,,,,,,,,,,,,,,,,,,,,,,,,,,,,,,,,,,,,,,,,,,,,,,,,orange,,,,orange,,,,,,,,,,,,,,,,,,,,,
,,orange,,,,orange,,,,,,,green,,green,green,green,green,green,green,green,,green,green,,Green,Green,Green,Green,Green,Green,Green,Green,Green,Green,Green,Green,,,,,,,,,,,,,,,,,orange,,,,orange,,,,,,,,,,,,,,,,,,,,,
,,orange,,,,orange,,,,,,,,,,,,,,,,,,,,,,,,,,,,,,,,,,,,,,,,,,,,,,,,orange,,,,orange,,,,,,,,,,,,,,,,,,,,,
,,orange,,,,orange,,,,,,,,,,,,,,,,,,,,,,,,,,,,,,,,,,,,,,,,,,,,,,,orange,,,,orange,,,,,,,,,,,,,,,,,,,,,,
,,,orange,,,,orange,,,,,,,,,,,,,,,,,,,,,,,,,,,,,,,,,,,,,,,,,,,,,orange,,,,orange,,,,,,,,,,,,,,,,,,,,,,,
,,,,orange,,,,orange,,,,,,,,,,,,,,,,,,,,,,,,,,,,,,,,,,,,,,,,,,,orange,,,,orange,,,,,,,,,,,,,,,,,,,,,,,,
,,,,,orange,,,,orange,,,,,aqua,aqua,aqua,aqua,,,aqua,,aqua,aqua,aqua,aqua,aqua,aqua,,aqua,aqua,aqua,,aqua,aqua,aqua,aqua,aqua,aqua,aqua,aqua,aqua,aqua,aqua,,aqua,aqua,aqua,aqua,,aqua,aqua,aqua,aqua,aqua,aqua,,aqua,aqua,aqua,aqua,aqua,aqua,,aqua,aqua,,aqua,aqua,aqua,aqua,aqua,aqua,aqua,,,,,,
,,,,,,,,,,,,,,,,,,,,,,,,,,,,,,,,,,,,,,,,,,,,,,,,,,,,,,,,,,,,,,,,,,,,,,,,,,,,,,,
,,,,,,,,,,,,,,,,,,,,,,,,,,,,,,,,,,,,,,,,,,,,,,,,,,,,,,,,,,,,,,,,,,,,,,,,,,,,,,,
,,,,,,,,,,,,,,,,,,,,,,,,,,,,,,,,,,,,,,,,,,,,,,,,,,,,,,,,,,,,,,,,,,,,,,,,,,,,,,,
,,,,,,,,,,,,,,,,,,,,,,,,,,,,,,,,,,,,,,,,,,,,,,,,,,,,,,,,,,,,,,,,,,,,,,,,,,,,,,,
,,,,,,,,,,,,,,,,,,,,,,,,,,,,,,,,,,,,,,,,,,,,,,,,,,,,,,,,,,,,,,,,,,,,,,,,,,,,,,,
LAYER4
$VAR1 = {
          '_Data' => {
                       'superlight' => 1
                     },
          'spawn' => {
                       'smoke' => [
                                    [
                                      13,
                                      55
                                    ],
                                    [
                                      13,
                                      56
                                    ],
                                    [
                                      13,
                                      57
                                    ]
                                  ],
                       'fire' => [
                                   [
                                     14,
                                     3
                                   ],
                                   [
                                     14,
                                     4
                                   ],
                                   [
                                     14,
                                     5
                                   ]
                                 ]
                     }
        };
