LAYER1
             
             
             
             
             
             
             
             
             
             
             
LAYER2
o===========o
 ****'*'**** 
 ***' | '*** 
 **'  |  '** 
 *'   |   '* 
 ~----+----~ 
 *    |    * 
 *    |    * 
 *____|____* 
 *=========* 
_*_________*_
LAYER3
grey,grey,grey,grey,grey,grey,grey,grey,grey,grey,grey,grey,grey,
,grey,grey,grey,grey,grey,grey,grey,grey,grey,grey,grey,,
,grey,grey,grey,grey,,grey,,grey,grey,grey,grey,,
,grey,grey,grey,,,grey,,,grey,grey,grey,,
,grey,grey,,,,grey,,,,grey,grey,,
,grey,grey,grey,grey,grey,grey,grey,grey,grey,grey,grey,,
,grey,,,,,grey,,,,,grey,,
,grey,,,,,grey,,,,,grey,,
,grey,grey,grey,grey,grey,grey,grey,grey,grey,grey,grey,,
,grey,grey,grey,grey,grey,grey,grey,grey,grey,grey,grey,,
grey,grey,grey,grey,grey,grey,grey,grey,grey,grey,grey,grey,grey,
LAYER4
$VAR1 = {
          '_Data' => {
                       'superlight' => 1,
                       'MkStairs' => undef,
                       'Effects' => {}
                     }
        };
